<html>
<body>
<pre>
<h1>µVision Build Log</h1>
<h2>Tool Versions:</h2>
IDE-Version: ¦ÌVision V5.38.0.0
Copyright (C) 2022 ARM Ltd and ARM Germany GmbH. All rights reserved.
License Information: hy h, h, LIC=SDA0P-MG6IB-30ANC-7Y4DM-CJLCU-G864L
 
Tool Versions:
Toolchain:       MDK-ARM Plus  Version: 5.38.0.0
Toolchain Path:  D:\Applications\mdk\Keil_v5\ARM\ARMCC\Bin
C Compiler:      Armcc.exe V5.05 update 1 (build 106)
Assembler:       Armasm.exe V5.05 update 1 (build 106)
Linker/Locator:  ArmLink.exe V5.05 update 1 (build 106)
Library Manager: ArmAr.exe V5.05 update 1 (build 106)
Hex Converter:   FromElf.exe V5.05 update 1 (build 106)
CPU DLL:         SARMCM3.DLL V5.38.0.0
Dialog DLL:      DCM.DLL V1.17.5.0
Target DLL:      STLink\ST-LINKIII-KEIL_SWO.dll V3.1.0.0
Dialog DLL:      TCM.DLL V1.56.4.0
 
<h2>Project:</h2>
D:\VDesktop\Projects\VEERY\F411_VEERY_HAL_GAMING\MDK-ARM\F411_VEERY_HAL.uvprojx
Project File Date:  12/30/2024

<h2>Output:</h2>
*** Using Compiler 'V5.05 update 1 (build 106)', folder: 'D:\Applications\mdk\Keil_v5\ARM\ARMCC\Bin'
Build target 'F411_VEERY_HAL'
compiling w25q64.c...
../Drivers/CMSIS/Device/ST/STM32F4xx/Include/stm32f411xe.h(51): warning:  #47-D: incompatible redefinition of macro "__FPU_PRESENT"
  #define __FPU_PRESENT             1U       /*!< FPU present                                   */
Hardware\w25q64.c(20): warning:  #940-D: missing return statement at end of non-void function "bsp_spi_switch_to_w25q"
  }
Hardware\w25q64.c(120): warning:  #223-D: function "memcmp" declared implicitly
  		if(memcmp(wData,rData,0x100) == 0 ) 
Hardware\w25q64.c: 3 warnings, 0 errors
linking...
Program Size: Code=36996 RO-data=1208 RW-data=356 ZI-data=24940  
FromELF: creating hex file...
"F411_VEERY_HAL\F411_VEERY_HAL.axf" - 0 Error(s), 3 Warning(s).

<h2>Software Packages used:</h2>

Package Vendor: ARM
                http://www.keil.com/pack/ARM.CMSIS.5.9.0.pack
                ARM.CMSIS.5.9.0
                CMSIS (Common Microcontroller Software Interface Standard)
   * Component: CORE Version: 5.6.0

Package Vendor: Keil
                https://www.keil.com/pack/Keil.STM32F4xx_DFP.2.17.1.pack
                Keil.STM32F4xx_DFP.2.17.1
                STMicroelectronics STM32F4 Series Device Support, Drivers and Examples

<h2>Collection of Component include folders:</h2>
  ./RTE/_F411_VEERY_HAL
  D:/Applications/mdk/Packs/ARM/CMSIS/5.9.0/CMSIS/Core/Include
  D:/Applications/mdk/Packs/Keil/STM32F4xx_DFP/2.17.1/Drivers/CMSIS/Device/ST/STM32F4xx/Include

<h2>Collection of Component Files used:</h2>

   * Component: ARM::CMSIS:CORE:5.6.0
      Include file:  CMSIS/Core/Include/tz_context.h
Build Time Elapsed:  00:00:02
</pre>
</body>
</html>
