Component: ARM Compiler 5.05 update 1 (build 106) Tool: armlink [4d0efa]

==============================================================================

Section Cross References

    startup_stm32f411xe.o(RESET) refers to startup_stm32f411xe.o(STACK) for __initial_sp
    startup_stm32f411xe.o(RESET) refers to startup_stm32f411xe.o(.text) for Reset_Handler
    startup_stm32f411xe.o(RESET) refers to stm32f4xx_it.o(i.NMI_Handler) for NMI_Handler
    startup_stm32f411xe.o(RESET) refers to stm32f4xx_it.o(i.HardFault_Handler) for HardFault_Handler
    startup_stm32f411xe.o(RESET) refers to stm32f4xx_it.o(i.MemManage_Handler) for MemManage_Handler
    startup_stm32f411xe.o(RESET) refers to stm32f4xx_it.o(i.BusFault_Handler) for BusFault_Handler
    startup_stm32f411xe.o(RESET) refers to stm32f4xx_it.o(i.UsageFault_Handler) for UsageFault_Handler
    startup_stm32f411xe.o(RESET) refers to stm32f4xx_it.o(i.SVC_Handler) for SVC_Handler
    startup_stm32f411xe.o(RESET) refers to stm32f4xx_it.o(i.DebugMon_Handler) for DebugMon_Handler
    startup_stm32f411xe.o(RESET) refers to stm32f4xx_it.o(i.PendSV_Handler) for PendSV_Handler
    startup_stm32f411xe.o(RESET) refers to stm32f4xx_it.o(i.SysTick_Handler) for SysTick_Handler
    startup_stm32f411xe.o(RESET) refers to stm32f4xx_it.o(i.DMA1_Stream5_IRQHandler) for DMA1_Stream5_IRQHandler
    startup_stm32f411xe.o(RESET) refers to stm32f4xx_it.o(i.TIM1_BRK_TIM9_IRQHandler) for TIM1_BRK_TIM9_IRQHandler
    startup_stm32f411xe.o(RESET) refers to stm32f4xx_it.o(i.TIM1_UP_TIM10_IRQHandler) for TIM1_UP_TIM10_IRQHandler
    startup_stm32f411xe.o(RESET) refers to stm32f4xx_it.o(i.TIM1_TRG_COM_TIM11_IRQHandler) for TIM1_TRG_COM_TIM11_IRQHandler
    startup_stm32f411xe.o(RESET) refers to stm32f4xx_it.o(i.USART1_IRQHandler) for USART1_IRQHandler
    startup_stm32f411xe.o(RESET) refers to stm32f4xx_it.o(i.USART2_IRQHandler) for USART2_IRQHandler
    startup_stm32f411xe.o(RESET) refers to stm32f4xx_it.o(i.OTG_FS_IRQHandler) for OTG_FS_IRQHandler
    startup_stm32f411xe.o(.text) refers to system_stm32f4xx.o(i.SystemInit) for SystemInit
    startup_stm32f411xe.o(.text) refers to entry.o(.ARM.Collect$$$$00000000) for __main
    main.o(i.DEBUG_OUT) refers to shell.o(i.shellPrint) for shellPrint
    main.o(i.DEBUG_OUT) refers to uart_drv.o(.bss) for shell0
    main.o(i.SystemClock_Config) refers to memseta.o(.text) for __aeabi_memclr4
    main.o(i.SystemClock_Config) refers to stm32f4xx_hal_rcc.o(i.HAL_RCC_OscConfig) for HAL_RCC_OscConfig
    main.o(i.SystemClock_Config) refers to stm32f4xx_hal_rcc.o(i.HAL_RCC_ClockConfig) for HAL_RCC_ClockConfig
    main.o(i.main) refers to stm32f4xx_hal.o(i.HAL_Init) for HAL_Init
    main.o(i.main) refers to main.o(i.SystemClock_Config) for SystemClock_Config
    main.o(i.main) refers to gpio.o(i.MX_GPIO_Init) for MX_GPIO_Init
    main.o(i.main) refers to dma.o(i.MX_DMA_Init) for MX_DMA_Init
    main.o(i.main) refers to spi.o(i.MX_SPI3_Init) for MX_SPI3_Init
    main.o(i.main) refers to tim.o(i.MX_TIM1_Init) for MX_TIM1_Init
    main.o(i.main) refers to tim.o(i.MX_TIM2_Init) for MX_TIM2_Init
    main.o(i.main) refers to tim.o(i.MX_TIM11_Init) for MX_TIM11_Init
    main.o(i.main) refers to usart.o(i.MX_USART1_UART_Init) for MX_USART1_UART_Init
    main.o(i.main) refers to i2c.o(i.MX_I2C1_Init) for MX_I2C1_Init
    main.o(i.main) refers to spi.o(i.MX_SPI2_Init) for MX_SPI2_Init
    main.o(i.main) refers to tim.o(i.MX_TIM9_Init) for MX_TIM9_Init
    main.o(i.main) refers to usb_device.o(i.MX_USB_DEVICE_Init) for MX_USB_DEVICE_Init
    main.o(i.main) refers to extio.o(i.bsp_extio_init) for bsp_extio_init
    main.o(i.main) refers to uart_drv.o(i.shell_init) for shell_init
    main.o(i.main) refers to stm32f4xx_hal.o(i.HAL_Delay) for HAL_Delay
    main.o(i.main) refers to mpu6050.o(i.bsp_mpu6050_init) for bsp_mpu6050_init
    main.o(i.main) refers to nrf24l01p.o(i.bsp_l01_init) for bsp_l01_init
    main.o(i.main) refers to nrf24l01p.o(i.bsp_l01_checkDevice) for bsp_l01_checkDevice
    main.o(i.main) refers to nrf24l01p.o(i.bsp_l01_switchToTx) for bsp_l01_switchToTx
    main.o(i.main) refers to encoder.o(i.bsp_encoder_init) for bsp_encoder_init
    main.o(i.main) refers to timer.o(i.bsp_tim11_5ms_isr_init) for bsp_tim11_5ms_isr_init
    main.o(i.main) refers to w25q64.o(i.bsp_w25q_init) for bsp_w25q_init
    main.o(i.main) refers to main.o(i.DEBUG_OUT) for DEBUG_OUT
    main.o(i.main) refers to usb_switch.o(i.bsp_typec_usb_func_switch) for bsp_typec_usb_func_switch
    gpio.o(i.MX_GPIO_Init) refers to memseta.o(.text) for __aeabi_memclr4
    gpio.o(i.MX_GPIO_Init) refers to stm32f4xx_hal_gpio.o(i.HAL_GPIO_WritePin) for HAL_GPIO_WritePin
    gpio.o(i.MX_GPIO_Init) refers to stm32f4xx_hal_gpio.o(i.HAL_GPIO_Init) for HAL_GPIO_Init
    dma.o(i.MX_DMA_Init) refers to stm32f4xx_hal_cortex.o(i.HAL_NVIC_SetPriority) for HAL_NVIC_SetPriority
    dma.o(i.MX_DMA_Init) refers to stm32f4xx_hal_cortex.o(i.HAL_NVIC_EnableIRQ) for HAL_NVIC_EnableIRQ
[...]
    _ll_ushift_r                             0x080005f1   Thumb Code     0  llushr.o(.text)
    __aeabi_lasr                             0x08000611   Thumb Code    36  llsshr.o(.text)
    _ll_sshift_r                             0x08000611   Thumb Code     0  llsshr.o(.text)
    __I$use$fp                               0x08000635   Thumb Code     0  iusefp.o(.text)
    _double_round                            0x08000635   Thumb Code    30  depilogue.o(.text)
    _double_epilogue                         0x08000653   Thumb Code   156  depilogue.o(.text)
    __aeabi_d2ulz                            0x080006ef   Thumb Code    48  dfixul.o(.text)
    __aeabi_cdrcmple                         0x08000721   Thumb Code    48  cdrcmple.o(.text)
    __scatterload                            0x08000751   Thumb Code    28  init.o(.text)
    __scatterload_rt2                        0x08000751   Thumb Code     0  init.o(.text)
    __decompress                             0x08000775   Thumb Code     0  __dczerorl2.o(.text)
    __decompress1                            0x08000775   Thumb Code    86  __dczerorl2.o(.text)
    BusFault_Handler                         0x080007cb   Thumb Code     2  stm32f4xx_it.o(i.BusFault_Handler)
    DEBUG_OUT                                0x080007cd   Thumb Code     8  main.o(i.DEBUG_OUT)
    DMA1_Stream5_IRQHandler                  0x080007d9   Thumb Code     6  stm32f4xx_it.o(i.DMA1_Stream5_IRQHandler)
    DebugMon_Handler                         0x08000861   Thumb Code     2  stm32f4xx_it.o(i.DebugMon_Handler)
    Error_Handler                            0x08000863   Thumb Code     4  main.o(i.Error_Handler)
    HAL_DMA_Abort                            0x08000867   Thumb Code   146  stm32f4xx_hal_dma.o(i.HAL_DMA_Abort)
    HAL_DMA_Abort_IT                         0x080008f9   Thumb Code    36  stm32f4xx_hal_dma.o(i.HAL_DMA_Abort_IT)
    HAL_DMA_DeInit                           0x0800091d   Thumb Code    98  stm32f4xx_hal_dma.o(i.HAL_DMA_DeInit)
    HAL_DMA_IRQHandler                       0x08000981   Thumb Code   412  stm32f4xx_hal_dma.o(i.HAL_DMA_IRQHandler)
    HAL_DMA_Init                             0x08000b21   Thumb Code   206  stm32f4xx_hal_dma.o(i.HAL_DMA_Init)
    HAL_Delay                                0x08000bf5   Thumb Code    32  stm32f4xx_hal.o(i.HAL_Delay)
    HAL_GPIO_DeInit                          0x08000c19   Thumb Code   216  stm32f4xx_hal_gpio.o(i.HAL_GPIO_DeInit)
    HAL_GPIO_Init                            0x08000d0d   Thumb Code   388  stm32f4xx_hal_gpio.o(i.HAL_GPIO_Init)
    HAL_GPIO_WritePin                        0x08000eb1   Thumb Code    10  stm32f4xx_hal_gpio.o(i.HAL_GPIO_WritePin)
    HAL_GetTick                              0x08000ebd   Thumb Code     6  stm32f4xx_hal.o(i.HAL_GetTick)
    HAL_I2C_Init                             0x08000ec9   Thumb Code   376  stm32f4xx_hal_i2c.o(i.HAL_I2C_Init)
    HAL_I2C_Mem_Read                         0x08001051   Thumb Code   490  stm32f4xx_hal_i2c.o(i.HAL_I2C_Mem_Read)
    HAL_I2C_Mem_Write                        0x08001249   Thumb Code   294  stm32f4xx_hal_i2c.o(i.HAL_I2C_Mem_Write)
    HAL_I2C_MspInit                          0x08001379   Thumb Code    94  i2c.o(i.HAL_I2C_MspInit)
    HAL_IncTick                              0x080013e5   Thumb Code    12  stm32f4xx_hal.o(i.HAL_IncTick)
    HAL_Init                                 0x080013f5   Thumb Code    48  stm32f4xx_hal.o(i.HAL_Init)
    HAL_InitTick                             0x08001429   Thumb Code   118  stm32f4xx_hal_timebase_tim.o(i.HAL_InitTick)
    HAL_MspInit                              0x080014b5   Thumb Code    42  stm32f4xx_hal_msp.o(i.HAL_MspInit)
    HAL_NVIC_EnableIRQ                       0x080014e5   Thumb Code    26  stm32f4xx_hal_cortex.o(i.HAL_NVIC_EnableIRQ)
    HAL_NVIC_SetPriority                     0x08001501   Thumb Code    60  stm32f4xx_hal_cortex.o(i.HAL_NVIC_SetPriority)
    HAL_NVIC_SetPriorityGrouping             0x08001541   Thumb Code    26  stm32f4xx_hal_cortex.o(i.HAL_NVIC_SetPriorityGrouping)
    HAL_PCDEx_LPM_Callback                   0x08001565   Thumb Code     2  stm32f4xx_hal_pcd_ex.o(i.HAL_PCDEx_LPM_Callback)
    HAL_PCDEx_SetRxFiFo                      0x08001567   Thumb Code     8  stm32f4xx_hal_pcd_ex.o(i.HAL_PCDEx_SetRxFiFo)
    HAL_PCDEx_SetTxFiFo                      0x0800156f   Thumb Code    68  stm32f4xx_hal_pcd_ex.o(i.HAL_PCDEx_SetTxFiFo)
    HAL_PCD_ConnectCallback                  0x080015b3   Thumb Code     8  usbd_conf.o(i.HAL_PCD_ConnectCallback)
    HAL_PCD_DataInStageCallback              0x080015bb   Thumb Code    18  usbd_conf.o(i.HAL_PCD_DataInStageCallback)
    HAL_PCD_DataOutStageCallback             0x080015cd   Thumb Code    20  usbd_conf.o(i.HAL_PCD_DataOutStageCallback)
    HAL_PCD_DisconnectCallback               0x080015e1   Thumb Code     8  usbd_conf.o(i.HAL_PCD_DisconnectCallback)
    HAL_PCD_EP_Abort                         0x080015e9   Thumb Code    30  stm32f4xx_hal_pcd.o(i.HAL_PCD_EP_Abort)
    HAL_PCD_EP_Close                         0x08001607   Thumb Code    76  stm32f4xx_hal_pcd.o(i.HAL_PCD_EP_Close)
    HAL_PCD_EP_ClrStall                      0x08001653   Thumb Code    92  stm32f4xx_hal_pcd.o(i.HAL_PCD_EP_ClrStall)
    HAL_PCD_EP_Flush                         0x080016af   Thumb Code    52  stm32f4xx_hal_pcd.o(i.HAL_PCD_EP_Flush)
    HAL_PCD_EP_GetRxCount                    0x080016e3   Thumb Code    18  stm32f4xx_hal_pcd.o(i.HAL_PCD_EP_GetRxCount)
    HAL_PCD_EP_Open                          0x080016f5   Thumb Code    96  stm32f4xx_hal_pcd.o(i.HAL_PCD_EP_Open)
    HAL_PCD_EP_Receive                       0x08001755   Thumb Code    72  stm32f4xx_hal_pcd.o(i.HAL_PCD_EP_Receive)
    HAL_PCD_EP_SetStall                      0x0800179d   Thumb Code   116  stm32f4xx_hal_pcd.o(i.HAL_PCD_EP_SetStall)
    HAL_PCD_EP_Transmit                      0x08001811   Thumb Code    64  stm32f4xx_hal_pcd.o(i.HAL_PCD_EP_Transmit)
    HAL_PCD_IRQHandler                       0x08001851   Thumb Code  1356  stm32f4xx_hal_pcd.o(i.HAL_PCD_IRQHandler)
    HAL_PCD_ISOINIncompleteCallback          0x08001da1   Thumb Code     8  usbd_conf.o(i.HAL_PCD_ISOINIncompleteCallback)
    HAL_PCD_ISOOUTIncompleteCallback         0x08001da9   Thumb Code     8  usbd_conf.o(i.HAL_PCD_ISOOUTIncompleteCallback)
    HAL_PCD_Init                             0x08001db1   Thumb Code   226  stm32f4xx_hal_pcd.o(i.HAL_PCD_Init)
    HAL_PCD_MspInit                          0x08001e95   Thumb Code   122  usbd_conf.o(i.HAL_PCD_MspInit)
    HAL_PCD_ResetCallback                    0x08001f19   Thumb Code    38  usbd_conf.o(i.HAL_PCD_ResetCallback)
    HAL_PCD_ResumeCallback                   0x08001f3f   Thumb Code     8  usbd_conf.o(i.HAL_PCD_ResumeCallback)
    HAL_PCD_SOFCallback                      0x08001f47   Thumb Code     8  usbd_conf.o(i.HAL_PCD_SOFCallback)
    HAL_PCD_SetAddress                       0x08001f4f   Thumb Code    40  stm32f4xx_hal_pcd.o(i.HAL_PCD_SetAddress)
    HAL_PCD_SetupStageCallback               0x08001f77   Thumb Code    14  usbd_conf.o(i.HAL_PCD_SetupStageCallback)
    HAL_PCD_Start                            0x08001f85   Thumb Code    66  stm32f4xx_hal_pcd.o(i.HAL_PCD_Start)
    HAL_PCD_SuspendCallback                  0x08001fc9   Thumb Code    44  usbd_conf.o(i.HAL_PCD_SuspendCallback)
    HAL_RCC_ClockConfig                      0x08001ff9   Thumb Code   288  stm32f4xx_hal_rcc.o(i.HAL_RCC_ClockConfig)
    HAL_RCC_GetClockConfig                   0x0800212d   Thumb Code    54  stm32f4xx_hal_rcc.o(i.HAL_RCC_GetClockConfig)
    HAL_RCC_GetHCLKFreq                      0x0800216d   Thumb Code     6  stm32f4xx_hal_rcc.o(i.HAL_RCC_GetHCLKFreq)
    HAL_RCC_GetPCLK1Freq                     0x08002179   Thumb Code    20  stm32f4xx_hal_rcc.o(i.HAL_RCC_GetPCLK1Freq)
    HAL_RCC_GetPCLK2Freq                     0x08002199   Thumb Code    20  stm32f4xx_hal_rcc.o(i.HAL_RCC_GetPCLK2Freq)
    HAL_RCC_GetSysClockFreq                  0x080021b9   Thumb Code    88  stm32f4xx_hal_rcc.o(i.HAL_RCC_GetSysClockFreq)
    HAL_RCC_OscConfig                        0x08002219   Thumb Code   836  stm32f4xx_hal_rcc.o(i.HAL_RCC_OscConfig)
    HAL_SPI_DeInit                           0x08002571   Thumb Code    46  stm32f4xx_hal_spi.o(i.HAL_SPI_DeInit)
    HAL_SPI_Init                             0x0800259f   Thumb Code   188  stm32f4xx_hal_spi.o(i.HAL_SPI_Init)
    HAL_SPI_MspDeInit                        0x0800265d   Thumb Code    70  spi.o(i.HAL_SPI_MspDeInit)
    HAL_SPI_MspInit                          0x080026b5   Thumb Code   198  spi.o(i.HAL_SPI_MspInit)
    HAL_SPI_Receive                          0x08002795   Thumb Code   340  stm32f4xx_hal_spi.o(i.HAL_SPI_Receive)
    HAL_SPI_Transmit                         0x080028e9   Thumb Code   362  stm32f4xx_hal_spi.o(i.HAL_SPI_Transmit)
    HAL_SPI_TransmitReceive                  0x08002a53   Thumb Code   474  stm32f4xx_hal_spi.o(i.HAL_SPI_TransmitReceive)
    HAL_TIMEx_BreakCallback                  0x08002c2d   Thumb Code     2  stm32f4xx_hal_tim_ex.o(i.HAL_TIMEx_BreakCallback)
    HAL_TIMEx_CommutCallback                 0x08002c2f   Thumb Code     2  stm32f4xx_hal_tim_ex.o(i.HAL_TIMEx_CommutCallback)
    HAL_TIMEx_ConfigBreakDeadTime            0x08002c31   Thumb Code    84  stm32f4xx_hal_tim_ex.o(i.HAL_TIMEx_ConfigBreakDeadTime)
    HAL_TIMEx_MasterConfigSynchronization    0x08002c85   Thumb Code   104  stm32f4xx_hal_tim_ex.o(i.HAL_TIMEx_MasterConfigSynchronization)
    HAL_TIM_Base_Init                        0x08002d01   Thumb Code    90  stm32f4xx_hal_tim.o(i.HAL_TIM_Base_Init)
    HAL_TIM_Base_MspInit                     0x08002d5d   Thumb Code   142  tim.o(i.HAL_TIM_Base_MspInit)
    HAL_TIM_Base_Start_IT                    0x08002dfd   Thumb Code    88  stm32f4xx_hal_tim.o(i.HAL_TIM_Base_Start_IT)
    HAL_TIM_ConfigClockSource                0x08002e69   Thumb Code   220  stm32f4xx_hal_tim.o(i.HAL_TIM_ConfigClockSource)
    HAL_TIM_Encoder_Init                     0x08002f45   Thumb Code   164  stm32f4xx_hal_tim.o(i.HAL_TIM_Encoder_Init)
    HAL_TIM_Encoder_MspInit                  0x08002fe9   Thumb Code    90  tim.o(i.HAL_TIM_Encoder_MspInit)
    HAL_TIM_Encoder_Start                    0x0800304d   Thumb Code   146  stm32f4xx_hal_tim.o(i.HAL_TIM_Encoder_Start)
    HAL_TIM_IC_CaptureCallback               0x080030df   Thumb Code     2  stm32f4xx_hal_tim.o(i.HAL_TIM_IC_CaptureCallback)
    HAL_TIM_IRQHandler                       0x080030e1   Thumb Code   358  stm32f4xx_hal_tim.o(i.HAL_TIM_IRQHandler)
    HAL_TIM_MspPostInit                      0x08003249   Thumb Code    72  tim.o(i.HAL_TIM_MspPostInit)
    HAL_TIM_OC_DelayElapsedCallback          0x0800329d   Thumb Code     2  stm32f4xx_hal_tim.o(i.HAL_TIM_OC_DelayElapsedCallback)
    HAL_TIM_PWM_ConfigChannel                0x0800329f   Thumb Code   204  stm32f4xx_hal_tim.o(i.HAL_TIM_PWM_ConfigChannel)
    HAL_TIM_PWM_Init                         0x0800336b   Thumb Code    90  stm32f4xx_hal_tim.o(i.HAL_TIM_PWM_Init)
    HAL_TIM_PWM_MspInit                      0x080033c5   Thumb Code     2  stm32f4xx_hal_tim.o(i.HAL_TIM_PWM_MspInit)
    HAL_TIM_PWM_PulseFinishedCallback        0x080033c7   Thumb Code     2  stm32f4xx_hal_tim.o(i.HAL_TIM_PWM_PulseFinishedCallback)
    HAL_TIM_PeriodElapsedCallback            0x080033c9   Thumb Code    50  timer.o(i.HAL_TIM_PeriodElapsedCallback)
    HAL_TIM_TriggerCallback                  0x08003409   Thumb Code     2  stm32f4xx_hal_tim.o(i.HAL_TIM_TriggerCallback)
    HAL_UARTEx_RxEventCallback               0x0800340b   Thumb Code     2  stm32f4xx_hal_uart.o(i.HAL_UARTEx_RxEventCallback)
    HAL_UART_ErrorCallback                   0x0800340d   Thumb Code     2  stm32f4xx_hal_uart.o(i.HAL_UART_ErrorCallback)
    HAL_UART_IRQHandler                      0x08003411   Thumb Code   610  stm32f4xx_hal_uart.o(i.HAL_UART_IRQHandler)
    HAL_UART_Init                            0x08003679   Thumb Code    98  stm32f4xx_hal_uart.o(i.HAL_UART_Init)
    HAL_UART_MspInit                         0x080036dd   Thumb Code   110  usart.o(i.HAL_UART_MspInit)
    HAL_UART_Receive_IT                      0x08003759   Thumb Code    42  stm32f4xx_hal_uart.o(i.HAL_UART_Receive_IT)
    HAL_UART_RxCpltCallback                  0x08003785   Thumb Code    34  uart_drv.o(i.HAL_UART_RxCpltCallback)
    HAL_UART_Transmit                        0x080037b5   Thumb Code   176  stm32f4xx_hal_uart.o(i.HAL_UART_Transmit)
    HAL_UART_TxCpltCallback                  0x08003865   Thumb Code     2  stm32f4xx_hal_uart.o(i.HAL_UART_TxCpltCallback)
    HardFault_Handler                        0x08003867   Thumb Code     2  stm32f4xx_it.o(i.HardFault_Handler)
    MSC_BOT_CplClrFeature                    0x08003e61   Thumb Code    72  usbd_msc_bot.o(i.MSC_BOT_CplClrFeature)
    MSC_BOT_DataIn                           0x08003eb1   Thumb Code    72  usbd_msc_bot.o(i.MSC_BOT_DataIn)
    MSC_BOT_DataOut                          0x08003ef9   Thumb Code    72  usbd_msc_bot.o(i.MSC_BOT_DataOut)
    MSC_BOT_DeInit                           0x08003f41   Thumb Code    22  usbd_msc_bot.o(i.MSC_BOT_DeInit)
    MSC_BOT_Init                             0x08003f59   Thumb Code   100  usbd_msc_bot.o(i.MSC_BOT_Init)
    MSC_BOT_Reset                            0x08003fc5   Thumb Code    70  usbd_msc_bot.o(i.MSC_BOT_Reset)
    MSC_BOT_SendCSW                          0x08004015   Thumb Code    78  usbd_msc_bot.o(i.MSC_BOT_SendCSW)
    MX_DMA_Init                              0x08004071   Thumb Code    40  dma.o(i.MX_DMA_Init)
    MX_GPIO_Init                             0x0800409d   Thumb Code   232  gpio.o(i.MX_GPIO_Init)
    MX_I2C1_Init                             0x08004195   Thumb Code    50  i2c.o(i.MX_I2C1_Init)
    MX_SPI2_Init                             0x080041d5   Thumb Code    60  spi.o(i.MX_SPI2_Init)
    MX_SPI3_Init                             0x08004219   Thumb Code    60  spi.o(i.MX_SPI3_Init)
    MX_TIM11_Init                            0x0800425d   Thumb Code    46  tim.o(i.MX_TIM11_Init)
    MX_TIM1_Init                             0x08004295   Thumb Code   192  tim.o(i.MX_TIM1_Init)
    MX_TIM2_Init                             0x0800435d   Thumb Code   104  tim.o(i.MX_TIM2_Init)
    MX_TIM9_Init                             0x080043c9   Thumb Code    70  tim.o(i.MX_TIM9_Init)
    MX_USART1_UART_Init                      0x08004419   Thumb Code    48  usart.o(i.MX_USART1_UART_Init)
    MX_USB_DEVICE_Init                       0x08004451   Thumb Code    66  usb_device.o(i.MX_USB_DEVICE_Init)
    MemManage_Handler                        0x080044a5   Thumb Code     2  stm32f4xx_it.o(i.MemManage_Handler)
    NMI_Handler                              0x080044a7   Thumb Code     2  stm32f4xx_it.o(i.NMI_Handler)
    OTG_FS_IRQHandler                        0x080044a9   Thumb Code     6  stm32f4xx_it.o(i.OTG_FS_IRQHandler)
    PendSV_Handler                           0x08004619   Thumb Code     2  stm32f4xx_it.o(i.PendSV_Handler)
    SCSI_ProcessCmd                          0x080046cd   Thumb Code   368  usbd_msc_scsi.o(i.SCSI_ProcessCmd)
    SCSI_SenseCode                           0x08004d0d   Thumb Code    94  usbd_msc_scsi.o(i.SCSI_SenseCode)
    SVC_Handler                              0x08005237   Thumb Code     2  stm32f4xx_it.o(i.SVC_Handler)
    SysTick_Handler                          0x08005243   Thumb Code     2  stm32f4xx_it.o(i.SysTick_Handler)
    SystemClock_Config                       0x08005245   Thumb Code   136  main.o(i.SystemClock_Config)
    SystemInit                               0x080052d5   Thumb Code    12  system_stm32f4xx.o(i.SystemInit)
    TIM1_BRK_TIM9_IRQHandler                 0x080052e5   Thumb Code    18  stm32f4xx_it.o(i.TIM1_BRK_TIM9_IRQHandler)
    TIM1_TRG_COM_TIM11_IRQHandler            0x08005301   Thumb Code    18  stm32f4xx_it.o(i.TIM1_TRG_COM_TIM11_IRQHandler)
    TIM1_UP_TIM10_IRQHandler                 0x0800531d   Thumb Code    18  stm32f4xx_it.o(i.TIM1_UP_TIM10_IRQHandler)
    TIM_Base_SetConfig                       0x08005339   Thumb Code   122  stm32f4xx_hal_tim.o(i.TIM_Base_SetConfig)
    TIM_CCxChannelCmd                        0x080053d1   Thumb Code    26  stm32f4xx_hal_tim.o(i.TIM_CCxChannelCmd)
    TIM_ETR_SetConfig                        0x080053eb   Thumb Code    20  stm32f4xx_hal_tim.o(i.TIM_ETR_SetConfig)
    TIM_OC2_SetConfig                        0x08005469   Thumb Code    86  stm32f4xx_hal_tim.o(i.TIM_OC2_SetConfig)
    UART_Start_Receive_IT                    0x080057d1   Thumb Code    58  stm32f4xx_hal_uart.o(i.UART_Start_Receive_IT)
    USART1_IRQHandler                        0x08005881   Thumb Code     6  stm32f4xx_it.o(i.USART1_IRQHandler)
    USART2_IRQHandler                        0x0800588d   Thumb Code     6  stm32f4xx_it.o(i.USART2_IRQHandler)
    USBD_ClrClassConfig                      0x08005899   Thumb Code    20  usbd_core.o(i.USBD_ClrClassConfig)
    USBD_CoreFindEP                          0x080058ad   Thumb Code     4  usbd_core.o(i.USBD_CoreFindEP)
    USBD_CoreFindIF                          0x080058b1   Thumb Code     4  usbd_core.o(i.USBD_CoreFindIF)
    USBD_CtlContinueRx                       0x080058b5   Thumb Code    16  usbd_ioreq.o(i.USBD_CtlContinueRx)
    USBD_CtlContinueSendData                 0x080058c5   Thumb Code    16  usbd_ioreq.o(i.USBD_CtlContinueSendData)
    USBD_CtlError                            0x080058d5   Thumb Code    22  usbd_ctlreq.o(i.USBD_CtlError)
    USBD_CtlReceiveStatus                    0x080058eb   Thumb Code    22  usbd_ioreq.o(i.USBD_CtlReceiveStatus)
    USBD_CtlSendData                         0x08005901   Thumb Code    26  usbd_ioreq.o(i.USBD_CtlSendData)
    USBD_CtlSendStatus                       0x0800591b   Thumb Code    22  usbd_ioreq.o(i.USBD_CtlSendStatus)
    USBD_FS_ConfigStrDescriptor              0x08005931   Thumb Code    16  usbd_desc.o(i.USBD_FS_ConfigStrDescriptor)
    USBD_FS_DeviceDescriptor                 0x08005951   Thumb Code     8  usbd_desc.o(i.USBD_FS_DeviceDescriptor)
    USBD_FS_InterfaceStrDescriptor           0x0800595d   Thumb Code    16  usbd_desc.o(i.USBD_FS_InterfaceStrDescriptor)
    USBD_FS_LangIDStrDescriptor              0x08005981   Thumb Code     8  usbd_desc.o(i.USBD_FS_LangIDStrDescriptor)
    USBD_FS_ManufacturerStrDescriptor        0x0800598d   Thumb Code    16  usbd_desc.o(i.USBD_FS_ManufacturerStrDescriptor)
    USBD_FS_ProductStrDescriptor             0x080059b5   Thumb Code    16  usbd_desc.o(i.USBD_FS_ProductStrDescriptor)
    USBD_FS_SerialStrDescriptor              0x080059dd   Thumb Code    48  usbd_desc.o(i.USBD_FS_SerialStrDescriptor)
    USBD_GetEpDesc                           0x08005afb   Thumb Code    58  usbd_core.o(i.USBD_GetEpDesc)
    USBD_GetNextDesc                         0x08005b35   Thumb Code    14  usbd_core.o(i.USBD_GetNextDesc)
    USBD_GetString                           0x08005b43   Thumb Code    72  usbd_ctlreq.o(i.USBD_GetString)
    USBD_Get_USB_Status                      0x08005b8b   Thumb Code    24  usbd_conf.o(i.USBD_Get_USB_Status)
    USBD_Init                                0x08005ba3   Thumb Code    38  usbd_core.o(i.USBD_Init)
    USBD_LL_ClearStallEP                     0x08005bc9   Thumb Code    18  usbd_conf.o(i.USBD_LL_ClearStallEP)
    USBD_LL_CloseEP                          0x08005bdb   Thumb Code    18  usbd_conf.o(i.USBD_LL_CloseEP)
    USBD_LL_DataInStage                      0x08005bed   Thumb Code   178  usbd_core.o(i.USBD_LL_DataInStage)
    USBD_LL_DataOutStage                     0x08005c9f   Thumb Code   150  usbd_core.o(i.USBD_LL_DataOutStage)
    USBD_LL_DevConnected                     0x08005d35   Thumb Code     4  usbd_core.o(i.USBD_LL_DevConnected)
    USBD_LL_DevDisconnected                  0x08005d39   Thumb Code    30  usbd_core.o(i.USBD_LL_DevDisconnected)
    USBD_LL_FlushEP                          0x08005d57   Thumb Code    18  usbd_conf.o(i.USBD_LL_FlushEP)
    USBD_LL_GetRxDataSize                    0x08005d69   Thumb Code     8  usbd_conf.o(i.USBD_LL_GetRxDataSize)
    USBD_LL_Init                             0x08005d71   Thumb Code    90  usbd_conf.o(i.USBD_LL_Init)
    USBD_LL_IsStallEP                        0x08005dd1   Thumb Code    32  usbd_conf.o(i.USBD_LL_IsStallEP)
    USBD_LL_IsoINIncomplete                  0x08005df1   Thumb Code    40  usbd_core.o(i.USBD_LL_IsoINIncomplete)
    USBD_LL_IsoOUTIncomplete                 0x08005e19   Thumb Code    40  usbd_core.o(i.USBD_LL_IsoOUTIncomplete)
    USBD_LL_OpenEP                           0x08005e41   Thumb Code    24  usbd_conf.o(i.USBD_LL_OpenEP)
    USBD_LL_PrepareReceive                   0x08005e59   Thumb Code    18  usbd_conf.o(i.USBD_LL_PrepareReceive)
    USBD_LL_Reset                            0x08005e6b   Thumb Code    92  usbd_core.o(i.USBD_LL_Reset)
    USBD_LL_Resume                           0x08005ec7   Thumb Code    20  usbd_core.o(i.USBD_LL_Resume)
    USBD_LL_SOF                              0x08005edb   Thumb Code    26  usbd_core.o(i.USBD_LL_SOF)
    USBD_LL_SetSpeed                         0x08005ef5   Thumb Code     6  usbd_core.o(i.USBD_LL_SetSpeed)
    USBD_LL_SetUSBAddress                    0x08005efb   Thumb Code    18  usbd_conf.o(i.USBD_LL_SetUSBAddress)
    USBD_LL_SetupStage                       0x08005f0d   Thumb Code    96  usbd_core.o(i.USBD_LL_SetupStage)
    USBD_LL_StallEP                          0x08005f6d   Thumb Code    18  usbd_conf.o(i.USBD_LL_StallEP)
    USBD_LL_Start                            0x08005f7f   Thumb Code    18  usbd_conf.o(i.USBD_LL_Start)
    USBD_LL_Suspend                          0x08005f91   Thumb Code    18  usbd_core.o(i.USBD_LL_Suspend)
    USBD_LL_Transmit                         0x08005fa3   Thumb Code    18  usbd_conf.o(i.USBD_LL_Transmit)
    USBD_MSC_DataIn                          0x08005fb5   Thumb Code    10  usbd_msc.o(i.USBD_MSC_DataIn)
    USBD_MSC_DataOut                         0x08005fbf   Thumb Code    10  usbd_msc.o(i.USBD_MSC_DataOut)
    USBD_MSC_DeInit                          0x08005fc9   Thumb Code   112  usbd_msc.o(i.USBD_MSC_DeInit)
    USBD_MSC_GetDeviceQualifierDescriptor    0x0800603d   Thumb Code     8  usbd_msc.o(i.USBD_MSC_GetDeviceQualifierDescriptor)
    USBD_MSC_GetFSCfgDesc                    0x08006049   Thumb Code    40  usbd_msc.o(i.USBD_MSC_GetFSCfgDesc)
    USBD_MSC_GetHSCfgDesc                    0x08006075   Thumb Code    42  usbd_msc.o(i.USBD_MSC_GetHSCfgDesc)
    USBD_MSC_GetOtherSpeedCfgDesc            0x080060a5   Thumb Code    40  usbd_msc.o(i.USBD_MSC_GetOtherSpeedCfgDesc)
    USBD_MSC_Init                            0x080060d1   Thumb Code   168  usbd_msc.o(i.USBD_MSC_Init)
    USBD_MSC_RegisterStorage                 0x0800617d   Thumb Code    22  usbd_msc.o(i.USBD_MSC_RegisterStorage)
    USBD_MSC_Setup                           0x08006193   Thumb Code   220  usbd_msc.o(i.USBD_MSC_Setup)
    USBD_ParseSetupRequest                   0x0800626f   Thumb Code    48  usbd_ctlreq.o(i.USBD_ParseSetupRequest)
    USBD_RegisterClass                       0x0800629f   Thumb Code    58  usbd_core.o(i.USBD_RegisterClass)
    USBD_SetClassConfig                      0x080062d9   Thumb Code    20  usbd_core.o(i.USBD_SetClassConfig)
    USBD_Start                               0x080063a5   Thumb Code     4  usbd_core.o(i.USBD_Start)
    USBD_StdDevReq                           0x080063a9   Thumb Code   300  usbd_ctlreq.o(i.USBD_StdDevReq)
    USBD_StdEPReq                            0x080064d5   Thumb Code   352  usbd_ctlreq.o(i.USBD_StdEPReq)
    USBD_StdItfReq                           0x08006635   Thumb Code   114  usbd_ctlreq.o(i.USBD_StdItfReq)
    USBD_static_free                         0x080066a7   Thumb Code     2  usbd_conf.o(i.USBD_static_free)
    USBD_static_malloc                       0x080066a9   Thumb Code     4  usbd_conf.o(i.USBD_static_malloc)
    USB_ActivateEndpoint                     0x080066b1   Thumb Code   122  stm32f4xx_ll_usb.o(i.USB_ActivateEndpoint)
    USB_ActivateSetup                        0x08006731   Thumb Code    28  stm32f4xx_ll_usb.o(i.USB_ActivateSetup)
    USB_CoreInit                             0x0800674d   Thumb Code   112  stm32f4xx_ll_usb.o(i.USB_CoreInit)
    USB_DeactivateEndpoint                   0x08006801   Thumb Code   198  stm32f4xx_ll_usb.o(i.USB_DeactivateEndpoint)
    USB_DevConnect                           0x080068d1   Thumb Code    28  stm32f4xx_ll_usb.o(i.USB_DevConnect)
    USB_DevDisconnect                        0x080068ed   Thumb Code    28  stm32f4xx_ll_usb.o(i.USB_DevDisconnect)
    USB_DevInit                              0x08006909   Thumb Code   362  stm32f4xx_ll_usb.o(i.USB_DevInit)
    USB_DisableGlobalInt                     0x08006a7d   Thumb Code    12  stm32f4xx_ll_usb.o(i.USB_DisableGlobalInt)
    USB_EP0StartXfer                         0x08006a89   Thumb Code   280  stm32f4xx_ll_usb.o(i.USB_EP0StartXfer)
    USB_EP0_OutStart                         0x08006ba5   Thumb Code    84  stm32f4xx_ll_usb.o(i.USB_EP0_OutStart)
    USB_EPClearStall                         0x08006bfd   Thumb Code    88  stm32f4xx_ll_usb.o(i.USB_EPClearStall)
    USB_EPSetStall                           0x08006c55   Thumb Code    88  stm32f4xx_ll_usb.o(i.USB_EPSetStall)
    USB_EPStartXfer                          0x08006cad   Thumb Code   478  stm32f4xx_ll_usb.o(i.USB_EPStartXfer)
    USB_EPStopXfer                           0x08006e91   Thumb Code   156  stm32f4xx_ll_usb.o(i.USB_EPStopXfer)
    USB_EnableGlobalInt                      0x08006f2d   Thumb Code    12  stm32f4xx_ll_usb.o(i.USB_EnableGlobalInt)
    USB_FlushRxFifo                          0x08006f39   Thumb Code    54  stm32f4xx_ll_usb.o(i.USB_FlushRxFifo)
    USB_FlushTxFifo                          0x08006f75   Thumb Code    58  stm32f4xx_ll_usb.o(i.USB_FlushTxFifo)
    USB_GetDevSpeed                          0x08006fb5   Thumb Code    26  stm32f4xx_ll_usb.o(i.USB_GetDevSpeed)
    USB_GetMode                              0x08006fcf   Thumb Code     8  stm32f4xx_ll_usb.o(i.USB_GetMode)
    USB_ReadDevAllInEpInterrupt              0x08006fd7   Thumb Code    14  stm32f4xx_ll_usb.o(i.USB_ReadDevAllInEpInterrupt)
    USB_ReadDevAllOutEpInterrupt             0x08006fe5   Thumb Code    14  stm32f4xx_ll_usb.o(i.USB_ReadDevAllOutEpInterrupt)
    USB_ReadDevInEPInterrupt                 0x08006ff3   Thumb Code    36  stm32f4xx_ll_usb.o(i.USB_ReadDevInEPInterrupt)
    USB_ReadDevOutEPInterrupt                0x08007017   Thumb Code    16  stm32f4xx_ll_usb.o(i.USB_ReadDevOutEPInterrupt)
    USB_ReadInterrupts                       0x08007027   Thumb Code     8  stm32f4xx_ll_usb.o(i.USB_ReadInterrupts)
    USB_ReadPacket                           0x0800702f   Thumb Code    62  stm32f4xx_ll_usb.o(i.USB_ReadPacket)
    USB_SetCurrentMode                       0x0800706d   Thumb Code    92  stm32f4xx_ll_usb.o(i.USB_SetCurrentMode)
    USB_SetDevAddress                        0x080070c9   Thumb Code    34  stm32f4xx_ll_usb.o(i.USB_SetDevAddress)
    USB_SetTurnaroundTime                    0x080070ed   Thumb Code   158  stm32f4xx_ll_usb.o(i.USB_SetTurnaroundTime)
    USB_WritePacket                          0x080071d5   Thumb Code    38  stm32f4xx_ll_usb.o(i.USB_WritePacket)
    UsageFault_Handler                       0x080071fb   Thumb Code     2  stm32f4xx_it.o(i.UsageFault_Handler)
    __0vsnprintf                             0x080071fd   Thumb Code    32  printfa.o(i.__0vsnprintf)
    __1vsnprintf                             0x080071fd   Thumb Code     0  printfa.o(i.__0vsnprintf)
    __2vsnprintf                             0x080071fd   Thumb Code     0  printfa.o(i.__0vsnprintf)
    __c89vsnprintf                           0x080071fd   Thumb Code     0  printfa.o(i.__0vsnprintf)
    vsnprintf                                0x080071fd   Thumb Code     0  printfa.o(i.__0vsnprintf)
    __scatterload_copy                       0x08007241   Thumb Code    14  handlers.o(i.__scatterload_copy)
    __scatterload_null                       0x0800724f   Thumb Code     2  handlers.o(i.__scatterload_null)
    __scatterload_zeroinit                   0x08007251   Thumb Code    14  handlers.o(i.__scatterload_zeroinit)
    bsp_encoder_clear_cnt                    0x08007b09   Thumb Code    10  encoder.o(i.bsp_encoder_clear_cnt)
    bsp_encoder_get                          0x08007b19   Thumb Code    58  encoder.o(i.bsp_encoder_get)
    bsp_encoder_init                         0x08007b5d   Thumb Code     8  encoder.o(i.bsp_encoder_init)
    bsp_extio_init                           0x08007b69   Thumb Code   134  extio.o(i.bsp_extio_init)
    bsp_i2c_switch_to_mpu6050                0x08007c01   Thumb Code     8  mpu6050.o(i.bsp_i2c_switch_to_mpu6050)
    bsp_l01_checkDevice                      0x08007c0d   Thumb Code   110  nrf24l01p.o(i.bsp_l01_checkDevice)
    bsp_l01_init                             0x08007d0d   Thumb Code   134  nrf24l01p.o(i.bsp_l01_init)
    bsp_l01_setDataRate                      0x08007e15   Thumb Code    54  nrf24l01p.o(i.bsp_l01_setDataRate)
    bsp_l01_setPowerDown                     0x08007e4b   Thumb Code    22  nrf24l01p.o(i.bsp_l01_setPowerDown)
    bsp_l01_setPowerUp                       0x08007e61   Thumb Code    22  nrf24l01p.o(i.bsp_l01_setPowerUp)
    bsp_l01_setRXAddr                        0x08007e77   Thumb Code    20  nrf24l01p.o(i.bsp_l01_setRXAddr)
    bsp_l01_setTXAddr                        0x08007eb3   Thumb Code    16  nrf24l01p.o(i.bsp_l01_setTXAddr)
    bsp_l01_switchToTx                       0x08007ec3   Thumb Code    48  nrf24l01p.o(i.bsp_l01_switchToTx)
    bsp_mpu6050_init                         0x08007f79   Thumb Code   280  mpu6050.o(i.bsp_mpu6050_init)
    bsp_spi_switch_to_w25q                   0x080080a1   Thumb Code    38  w25q64.o(i.bsp_spi_switch_to_w25q)
    bsp_tim11_5ms_isr_init                   0x080080d1   Thumb Code     6  timer.o(i.bsp_tim11_5ms_isr_init)
    bsp_typec_usb_func_switch                0x080080dd   Thumb Code    26  usb_switch.o(i.bsp_typec_usb_func_switch)
    bsp_w25q_erase                           0x080080fd   Thumb Code   106  w25q64.o(i.bsp_w25q_erase)
    bsp_w25q_get_status                      0x08008171   Thumb Code    74  w25q64.o(i.bsp_w25q_get_status)
    bsp_w25q_init                            0x080081c9   Thumb Code    24  w25q64.o(i.bsp_w25q_init)
    bsp_w25q_read                            0x080081e1   Thumb Code    98  w25q64.o(i.bsp_w25q_read)
    bsp_w25q_reset                           0x0800824d   Thumb Code    50  w25q64.o(i.bsp_w25q_reset)
    bsp_w25q_wakeup                          0x0800828d   Thumb Code    50  w25q64.o(i.bsp_w25q_wakeup)
    bsp_w25q_write                           0x080082cd   Thumb Code   182  w25q64.o(i.bsp_w25q_write)
    bsp_w25q_writeEnable                     0x0800838d   Thumb Code    82  w25q64.o(i.bsp_w25q_writeEnable)
    main                                     0x080083ed   Thumb Code   144  main.o(i.main)
    mutex_getDeviceAcc                       0x080084bd   Thumb Code    18  mutex.o(i.mutex_getDeviceAcc)
    mutex_tryLock                            0x080084cf   Thumb Code    26  mutex.o(i.mutex_tryLock)
    mutex_tryUnlock                          0x080084e9   Thumb Code    26  mutex.o(i.mutex_tryUnlock)
    shellAnsi                                0x08008503   Thumb Code   122  shell.o(i.shellAnsi)
    shellClear                               0x08008631   Thumb Code    22  shell.o(i.shellClear)
    shellDisplay                             0x0800869d   Thumb Code    40  shell.o(i.shellDisplay)
    shellExtParsePara                        0x08008ae1   Thumb Code   114  shell_ext.o(i.shellExtParsePara)
    shellExtRun                              0x08008b53   Thumb Code   350  shell_ext.o(i.shellExtRun)
    shellGetCurrent                          0x08008cb1   Thumb Code    36  shell.o(i.shellGetCurrent)
    shellHandler                             0x08008cd9   Thumb Code   158  shell.o(i.shellHandler)
    shellHelp                                0x08008d7d   Thumb Code   174  shell.o(i.shellHelp)
    shellInit                                0x08008ee5   Thumb Code    98  shell.o(i.shellInit)
    shellPrint                               0x08009021   Thumb Code    38  shell.o(i.shellPrint)
    shell_init                               0x080091d5   Thumb Code    30  uart_drv.o(i.shell_init)
    uart_send_string                         0x08009205   Thumb Code    18  uart_drv.o(i.uart_send_string)
    AHBPrescTable                            0x08009224   Data          16  system_stm32f4xx.o(.constdata)
    APBPrescTable                            0x08009234   Data           8  system_stm32f4xx.o(.constdata)
    shellDefaultKeyFunctionList              0x0800923c   Data          48  shell.o(.constdata)
    shellCmdhelp                             0x0800926c   Data           5  shell.o(.constdata)
    shellDeschelp                            0x08009271   Data          13  shell.o(.constdata)
    shellHelphelp                            0x0800927e   Data          43  shell.o(.constdata)
    shellCmdcls                              0x080092a9   Data           4  shell.o(.constdata)
    shellDesccls                             0x080092ad   Data          19  shell.o(.constdata)
    STORAGE_Inquirydata_FS                   0x080092c0   Data          36  usbd_storage_if.o(.constdata)
    Region$$Table$$Base                      0x080094fc   Number         0  anon$$obj.o(Region$$Table)
    Region$$Table$$Limit                     0x0800951c   Number         0  anon$$obj.o(Region$$Table)
    shellCommand$$Base                       0x0800951c   Number         0  shell.o(shellCommand)
    shellCommandhelp                         0x0800951c   Data          16  shell.o(shellCommand)
    shellCommandcls                          0x0800952c   Data          16  shell.o(shellCommand)
    shellCommand$$Limit                      0x0800953c   Number         0  shell.o(shellCommand)
    uwTickFreq                               0x20000000   Data           1  stm32f4xx_hal.o(.data)
    uwTickPrio                               0x20000004   Data           4  stm32f4xx_hal.o(.data)
    uwTick                                   0x20000008   Data           4  stm32f4xx_hal.o(.data)
    SystemCoreClock                          0x2000000c   Data           4  system_stm32f4xx.o(.data)
    tim11_50ms_div_cnt                       0x20000010   Data           1  timer.o(.data)
    buf                                      0x20000012   Data           5  nrf24l01p.o(.data)
    i2c_mutex                                0x20000017   Data           3  mutex.o(.data)
    spi_mutex                                0x2000001a   Data           3  mutex.o(.data)
    uart_rx_data                             0x20000044   Data           1  uart_drv.o(.data)
    FS_Desc                                  0x20000048   Data          28  usbd_desc.o(.data)
    USBD_LangIDDesc                          0x20000064   Data           4  usbd_desc.o(.data)
    USBD_FS_DeviceDesc                       0x20000068   Data          18  usbd_desc.o(.data)
    USBD_StringSerial                        0x2000007c   Data          26  usbd_desc.o(.data)
    USBD_Storage_Interface_fops_FS           0x20000098   Data          32  usbd_storage_if.o(.data)
    USBD_MSC                                 0x200000bc   Data          56  usbd_msc.o(.data)
    MSCInEpAdd                               0x200000f4   Data           1  usbd_msc.o(.data)
    MSCOutEpAdd                              0x200000f5   Data           1  usbd_msc.o(.data)
    MSC_Page00_Inquiry_Data                  0x20000122   Data           6  usbd_msc_data.o(.data)
    MSC_Page80_Inquiry_Data                  0x20000128   Data           8  usbd_msc_data.o(.data)
    MSC_Mode_Sense6_data                     0x20000130   Data          23  usbd_msc_data.o(.data)
    MSC_Mode_Sense10_data                    0x20000147   Data          27  usbd_msc_data.o(.data)
    hi2c1                                    0x20000164   Data          84  i2c.o(.bss)
    hspi2                                    0x200001b8   Data          88  spi.o(.bss)
    hspi3                                    0x20000210   Data          88  spi.o(.bss)
    hdma_spi3_tx                             0x20000268   Data          96  spi.o(.bss)
    htim1                                    0x200002c8   Data          72  tim.o(.bss)
    htim2                                    0x20000310   Data          72  tim.o(.bss)
    htim9                                    0x20000358   Data          72  tim.o(.bss)
    htim11                                   0x200003a0   Data          72  tim.o(.bss)
    huart2                                   0x200003e8   Data          68  usart.o(.bss)
    huart1                                   0x2000042c   Data          68  usart.o(.bss)
    htim10                                   0x20000470   Data          72  stm32f4xx_hal_timebase_tim.o(.bss)
    encoder                                  0x200004b8   Data          12  encoder.o(.bss)
    imu0                                     0x200004c4   Data          28  mpu6050.o(.bss)
    shell0                                   0x200004f4   Data         376  uart_drv.o(.bss)
    hUsbDeviceFS                             0x2000066c   Data         732  usb_device.o(.bss)
    USBD_StrDesc                             0x20000948   Data         512  usbd_desc.o(.bss)
    hpcd_USB_OTG_FS                          0x20001bc0   Data        1292  usbd_conf.o(.bss)
    __initial_sp                             0x200062d0   Data           0  startup_stm32f411xe.o(STACK)



==============================================================================

Memory Map of the image

  Image Entry point : 0x08000199

  Load Region LR_IROM1 (Base: 0x08000000, Size: 0x000096a0, Max: 0x00080000, ABSOLUTE, COMPRESSED[0x00009610])

    Execution Region ER_IROM1 (Exec base: 0x08000000, Load base: 0x08000000, Size: 0x0000953c, Max: 0x00080000, ABSOLUTE)

    Exec Addr    Load Addr    Size         Type   Attr      Idx    E Section Name        Object

    0x08000000   0x08000000   0x00000198   Data   RO            3    RESET               startup_stm32f411xe.o
    0x08000198   0x08000198   0x00000000   Code   RO         7351  * .ARM.Collect$$$$00000000  mc_w.l(entry.o)
    0x08000198   0x08000198   0x00000004   Code   RO         7639    .ARM.Collect$$$$00000001  mc_w.l(entry2.o)
    0x0800019c   0x0800019c   0x00000004   Code   RO         7642    .ARM.Collect$$$$00000004  mc_w.l(entry5.o)
    0x080001a0   0x080001a0   0x00000000   Code   RO         7644    .ARM.Collect$$$$00000008  mc_w.l(entry7b.o)
    0x080001a0   0x080001a0   0x00000000   Code   RO         7646    .ARM.Collect$$$$0000000A  mc_w.l(entry8b.o)
    0x080001a0   0x080001a0   0x00000008   Code   RO         7647    .ARM.Collect$$$$0000000B  mc_w.l(entry9a.o)
    0x080001a8   0x080001a8   0x00000000   Code   RO         7649    .ARM.Collect$$$$0000000D  mc_w.l(entry10a.o)
    0x080001a8   0x080001a8   0x00000000   Code   RO         7651    .ARM.Collect$$$$0000000F  mc_w.l(entry11a.o)
    0x080001a8   0x080001a8   0x00000004   Code   RO         7640    .ARM.Collect$$$$00002712  mc_w.l(entry2.o)
    0x080001ac   0x080001ac   0x00000024   Code   RO            4    .text               startup_stm32f411xe.o
    0x080001d0   0x080001d0   0x00000062   Code   RO         7354    .text               mc_w.l(uldiv.o)
    0x08000232   0x08000232   0x00000024   Code   RO         7356    .text               mc_w.l(memcpya.o)
    0x08000256   0x08000256   0x00000024   Code   RO         7358    .text               mc_w.l(memseta.o)
    0x0800027a   0x0800027a   0x0000001c   Code   RO         7360    .text               mc_w.l(strcmp.o)
    0x08000296   0x08000296   0x0000014e   Code   RO         7627    .text               mf_w.l(dadd.o)
    0x080003e4   0x080003e4   0x000000e4   Code   RO         7629    .text               mf_w.l(dmul.o)
    0x080004c8   0x080004c8   0x000000de   Code   RO         7631    .text               mf_w.l(ddiv.o)
    0x080005a6   0x080005a6   0x0000002c   Code   RO         7654    .text               mc_w.l(uidiv.o)
    0x080005d2   0x080005d2   0x0000001e   Code   RO         7656    .text               mc_w.l(llshl.o)
    0x080005f0   0x080005f0   0x00000020   Code   RO         7658    .text               mc_w.l(llushr.o)
    0x08000610   0x08000610   0x00000024   Code   RO         7660    .text               mc_w.l(llsshr.o)
    0x08000634   0x08000634   0x00000000   Code   RO         7662    .text               mc_w.l(iusefp.o)
    0x08000634   0x08000634   0x000000ba   Code   RO         7665    .text               mf_w.l(depilogue.o)
    0x080006ee   0x080006ee   0x00000030   Code   RO         7667    .text               mf_w.l(dfixul.o)
    0x0800071e   0x0800071e   0x00000002   PAD
    0x08000720   0x08000720   0x00000030   Code   RO         7669    .text               mf_w.l(cdrcmple.o)
    0x08000750   0x08000750   0x00000024   Code   RO         7671    .text               mc_w.l(init.o)
    0x08000774   0x08000774   0x00000056   Code   RO         7681    .text               mc_w.l(__dczerorl2.o)
    0x080007ca   0x080007ca   0x00000002   Code   RO          535    i.BusFault_Handler  stm32f4xx_it.o
    0x080007cc   0x080007cc   0x0000000c   Code   RO           13    i.DEBUG_OUT         main.o
    0x080007d8   0x080007d8   0x0000000c   Code   RO          536    i.DMA1_Stream5_IRQHandler  stm32f4xx_it.o
    0x080007e4   0x080007e4   0x00000028   Code   RO         1814    i.DMA_CalcBaseAndBitshift  stm32f4xx_hal_dma.o
    0x0800080c   0x0800080c   0x00000054   Code   RO         1815    i.DMA_CheckFifoParam  stm32f4xx_hal_dma.o
    0x08000860   0x08000860   0x00000002   Code   RO          537    i.DebugMon_Handler  stm32f4xx_it.o
    0x08000862   0x08000862   0x00000004   Code   RO           14    i.Error_Handler     main.o
    0x08000866   0x08000866   0x00000092   Code   RO         1817    i.HAL_DMA_Abort     stm32f4xx_hal_dma.o
    0x080008f8   0x080008f8   0x00000024   Code   RO         1818    i.HAL_DMA_Abort_IT  stm32f4xx_hal_dma.o
    0x0800091c   0x0800091c   0x00000062   Code   RO         1819    i.HAL_DMA_DeInit    stm32f4xx_hal_dma.o
    0x0800097e   0x0800097e   0x00000002   PAD
    0x08000980   0x08000980   0x000001a0   Code   RO         1822    i.HAL_DMA_IRQHandler  stm32f4xx_hal_dma.o
    0x08000b20   0x08000b20   0x000000d4   Code   RO         1823    i.HAL_DMA_Init      stm32f4xx_hal_dma.o
    0x08000bf4   0x08000bf4   0x00000024   Code   RO         2260    i.HAL_Delay         stm32f4xx_hal.o
    0x08000c18   0x08000c18   0x000000f4   Code   RO         1707    i.HAL_GPIO_DeInit   stm32f4xx_hal_gpio.o
    0x08000d0c   0x08000d0c   0x000001a4   Code   RO         1710    i.HAL_GPIO_Init     stm32f4xx_hal_gpio.o
    0x08000eb0   0x08000eb0   0x0000000a   Code   RO         1714    i.HAL_GPIO_WritePin  stm32f4xx_hal_gpio.o
    0x08000eba   0x08000eba   0x00000002   PAD
    0x08000ebc   0x08000ebc   0x0000000c   Code   RO         2266    i.HAL_GetTick       stm32f4xx_hal.o
    0x08000ec8   0x08000ec8   0x00000188   Code   RO         2522    i.HAL_I2C_Init      stm32f4xx_hal_i2c.o
    0x08001050   0x08001050   0x000001f8   Code   RO         2540    i.HAL_I2C_Mem_Read  stm32f4xx_hal_i2c.o
    0x08001248   0x08001248   0x00000130   Code   RO         2543    i.HAL_I2C_Mem_Write  stm32f4xx_hal_i2c.o
    0x08001378   0x08001378   0x0000006c   Code   RO          325    i.HAL_I2C_MspInit   i2c.o
    0x080013e4   0x080013e4   0x00000010   Code   RO         2272    i.HAL_IncTick       stm32f4xx_hal.o
    0x080013f4   0x080013f4   0x00000034   Code   RO         2273    i.HAL_Init          stm32f4xx_hal.o
    0x08001428   0x08001428   0x0000008c   Code   RO          677    i.HAL_InitTick      stm32f4xx_hal_timebase_tim.o
    0x080014b4   0x080014b4   0x00000030   Code   RO          653    i.HAL_MspInit       stm32f4xx_hal_msp.o
    0x080014e4   0x080014e4   0x0000001a   Code   RO         2123    i.HAL_NVIC_EnableIRQ  stm32f4xx_hal_cortex.o
    0x080014fe   0x080014fe   0x00000002   PAD
    0x08001500   0x08001500   0x00000040   Code   RO         2129    i.HAL_NVIC_SetPriority  stm32f4xx_hal_cortex.o
    0x08001540   0x08001540   0x00000024   Code   RO         2130    i.HAL_NVIC_SetPriorityGrouping  stm32f4xx_hal_cortex.o
    0x08001564   0x08001564   0x00000002   Code   RO          955    i.HAL_PCDEx_LPM_Callback  stm32f4xx_hal_pcd_ex.o
    0x08001566   0x08001566   0x00000008   Code   RO          956    i.HAL_PCDEx_SetRxFiFo  stm32f4xx_hal_pcd_ex.o
    0x0800156e   0x0800156e   0x00000044   Code   RO          957    i.HAL_PCDEx_SetTxFiFo  stm32f4xx_hal_pcd_ex.o
    0x080015b2   0x080015b2   0x00000008   Code   RO         6567    i.HAL_PCD_ConnectCallback  usbd_conf.o
    0x080015ba   0x080015ba   0x00000012   Code   RO         6568    i.HAL_PCD_DataInStageCallback  usbd_conf.o
    0x080015cc   0x080015cc   0x00000014   Code   RO         6569    i.HAL_PCD_DataOutStageCallback  usbd_conf.o
    0x080015e0   0x080015e0   0x00000008   Code   RO         6570    i.HAL_PCD_DisconnectCallback  usbd_conf.o
    0x080015e8   0x080015e8   0x0000001e   Code   RO          725    i.HAL_PCD_EP_Abort  stm32f4xx_hal_pcd.o
    0x08001606   0x08001606   0x0000004c   Code   RO          726    i.HAL_PCD_EP_Close  stm32f4xx_hal_pcd.o
    0x08001652   0x08001652   0x0000005c   Code   RO          727    i.HAL_PCD_EP_ClrStall  stm32f4xx_hal_pcd.o
    0x080016ae   0x080016ae   0x00000034   Code   RO          728    i.HAL_PCD_EP_Flush  stm32f4xx_hal_pcd.o
    0x080016e2   0x080016e2   0x00000012   Code   RO          729    i.HAL_PCD_EP_GetRxCount  stm32f4xx_hal_pcd.o
    0x080016f4   0x080016f4   0x00000060   Code   RO          730    i.HAL_PCD_EP_Open   stm32f4xx_hal_pcd.o
    0x08001754   0x08001754   0x00000048   Code   RO          731    i.HAL_PCD_EP_Receive  stm32f4xx_hal_pcd.o
    0x0800179c   0x0800179c   0x00000074   Code   RO          732    i.HAL_PCD_EP_SetStall  stm32f4xx_hal_pcd.o
    0x08001810   0x08001810   0x00000040   Code   RO          733    i.HAL_PCD_EP_Transmit  stm32f4xx_hal_pcd.o
    0x08001850   0x08001850   0x00000550   Code   RO          735    i.HAL_PCD_IRQHandler  stm32f4xx_hal_pcd.o
    0x08001da0   0x08001da0   0x00000008   Code   RO         6571    i.HAL_PCD_ISOINIncompleteCallback  usbd_conf.o
    0x08001da8   0x08001da8   0x00000008   Code   RO         6572    i.HAL_PCD_ISOOUTIncompleteCallback  usbd_conf.o
    0x08001db0   0x08001db0   0x000000e2   Code   RO          738    i.HAL_PCD_Init      stm32f4xx_hal_pcd.o
    0x08001e92   0x08001e92   0x00000002   PAD
    0x08001e94   0x08001e94   0x00000084   Code   RO         6574    i.HAL_PCD_MspInit   usbd_conf.o
    0x08001f18   0x08001f18   0x00000026   Code   RO         6575    i.HAL_PCD_ResetCallback  usbd_conf.o
    0x08001f3e   0x08001f3e   0x00000008   Code   RO         6576    i.HAL_PCD_ResumeCallback  usbd_conf.o
    0x08001f46   0x08001f46   0x00000008   Code   RO         6577    i.HAL_PCD_SOFCallback  usbd_conf.o
    0x08001f4e   0x08001f4e   0x00000028   Code   RO          744    i.HAL_PCD_SetAddress  stm32f4xx_hal_pcd.o
    0x08001f76   0x08001f76   0x0000000e   Code   RO         6578    i.HAL_PCD_SetupStageCallback  usbd_conf.o
    0x08001f84   0x08001f84   0x00000042   Code   RO          747    i.HAL_PCD_Start     stm32f4xx_hal_pcd.o
    0x08001fc6   0x08001fc6   0x00000002   PAD
    0x08001fc8   0x08001fc8   0x00000030   Code   RO         6579    i.HAL_PCD_SuspendCallback  usbd_conf.o
    0x08001ff8   0x08001ff8   0x00000134   Code   RO         1302    i.HAL_RCC_ClockConfig  stm32f4xx_hal_rcc.o
    0x0800212c   0x0800212c   0x00000040   Code   RO         1306    i.HAL_RCC_GetClockConfig  stm32f4xx_hal_rcc.o
    0x0800216c   0x0800216c   0x0000000c   Code   RO         1307    i.HAL_RCC_GetHCLKFreq  stm32f4xx_hal_rcc.o
    0x08002178   0x08002178   0x00000020   Code   RO         1309    i.HAL_RCC_GetPCLK1Freq  stm32f4xx_hal_rcc.o
    0x08002198   0x08002198   0x00000020   Code   RO         1310    i.HAL_RCC_GetPCLK2Freq  stm32f4xx_hal_rcc.o
    0x080021b8   0x080021b8   0x00000060   Code   RO         1311    i.HAL_RCC_GetSysClockFreq  stm32f4xx_hal_rcc.o
    0x08002218   0x08002218   0x00000358   Code   RO         1314    i.HAL_RCC_OscConfig  stm32f4xx_hal_rcc.o
    0x08002570   0x08002570   0x0000002e   Code   RO         2979    i.HAL_SPI_DeInit    stm32f4xx_hal_spi.o
    0x0800259e   0x0800259e   0x000000bc   Code   RO         2984    i.HAL_SPI_Init      stm32f4xx_hal_spi.o
    0x0800265a   0x0800265a   0x00000002   PAD
    0x0800265c   0x0800265c   0x00000058   Code   RO          366    i.HAL_SPI_MspDeInit  spi.o
    0x080026b4   0x080026b4   0x000000e0   Code   RO          367    i.HAL_SPI_MspInit   spi.o
    0x08002794   0x08002794   0x00000154   Code   RO         2987    i.HAL_SPI_Receive   stm32f4xx_hal_spi.o
    0x080028e8   0x080028e8   0x0000016a   Code   RO         2992    i.HAL_SPI_Transmit  stm32f4xx_hal_spi.o
    0x08002a52   0x08002a52   0x000001da   Code   RO         2993    i.HAL_SPI_TransmitReceive  stm32f4xx_hal_spi.o
    0x08002c2c   0x08002c2c   0x00000002   Code   RO         4001    i.HAL_TIMEx_BreakCallback  stm32f4xx_hal_tim_ex.o
    0x08002c2e   0x08002c2e   0x00000002   Code   RO         4002    i.HAL_TIMEx_CommutCallback  stm32f4xx_hal_tim_ex.o
    0x08002c30   0x08002c30   0x00000054   Code   RO         4004    i.HAL_TIMEx_ConfigBreakDeadTime  stm32f4xx_hal_tim_ex.o
    0x08002c84   0x08002c84   0x0000007c   Code   RO         4020    i.HAL_TIMEx_MasterConfigSynchronization  stm32f4xx_hal_tim_ex.o
    0x08002d00   0x08002d00   0x0000005a   Code   RO         3297    i.HAL_TIM_Base_Init  stm32f4xx_hal_tim.o
    0x08002d5a   0x08002d5a   0x00000002   PAD
    0x08002d5c   0x08002d5c   0x000000a0   Code   RO          415    i.HAL_TIM_Base_MspInit  tim.o
    0x08002dfc   0x08002dfc   0x0000006c   Code   RO         3302    i.HAL_TIM_Base_Start_IT  stm32f4xx_hal_tim.o
    0x08002e68   0x08002e68   0x000000dc   Code   RO         3306    i.HAL_TIM_ConfigClockSource  stm32f4xx_hal_tim.o
    0x08002f44   0x08002f44   0x000000a4   Code   RO         3318    i.HAL_TIM_Encoder_Init  stm32f4xx_hal_tim.o
    0x08002fe8   0x08002fe8   0x00000064   Code   RO          417    i.HAL_TIM_Encoder_MspInit  tim.o
    0x0800304c   0x0800304c   0x00000092   Code   RO         3321    i.HAL_TIM_Encoder_Start  stm32f4xx_hal_tim.o
    0x080030de   0x080030de   0x00000002   Code   RO         3331    i.HAL_TIM_IC_CaptureCallback  stm32f4xx_hal_tim.o
    0x080030e0   0x080030e0   0x00000166   Code   RO         3345    i.HAL_TIM_IRQHandler  stm32f4xx_hal_tim.o
    0x08003246   0x08003246   0x00000002   PAD
    0x08003248   0x08003248   0x00000054   Code   RO          418    i.HAL_TIM_MspPostInit  tim.o
    0x0800329c   0x0800329c   0x00000002   Code   RO         3348    i.HAL_TIM_OC_DelayElapsedCallback  stm32f4xx_hal_tim.o
    0x0800329e   0x0800329e   0x000000cc   Code   RO         3369    i.HAL_TIM_PWM_ConfigChannel  stm32f4xx_hal_tim.o
    0x0800336a   0x0800336a   0x0000005a   Code   RO         3372    i.HAL_TIM_PWM_Init  stm32f4xx_hal_tim.o
    0x080033c4   0x080033c4   0x00000002   Code   RO         3374    i.HAL_TIM_PWM_MspInit  stm32f4xx_hal_tim.o
    0x080033c6   0x080033c6   0x00000002   Code   RO         3375    i.HAL_TIM_PWM_PulseFinishedCallback  stm32f4xx_hal_tim.o
    0x080033c8   0x080033c8   0x00000040   Code   RO         4887    i.HAL_TIM_PeriodElapsedCallback  timer.o
    0x08003408   0x08003408   0x00000002   Code   RO         3388    i.HAL_TIM_TriggerCallback  stm32f4xx_hal_tim.o
    0x0800340a   0x0800340a   0x00000002   Code   RO         4279    i.HAL_UARTEx_RxEventCallback  stm32f4xx_hal_uart.o
    0x0800340c   0x0800340c   0x00000002   Code   RO         4293    i.HAL_UART_ErrorCallback  stm32f4xx_hal_uart.o
    0x0800340e   0x0800340e   0x00000002   PAD
    0x08003410   0x08003410   0x00000268   Code   RO         4296    i.HAL_UART_IRQHandler  stm32f4xx_hal_uart.o
    0x08003678   0x08003678   0x00000062   Code   RO         4297    i.HAL_UART_Init     stm32f4xx_hal_uart.o
    0x080036da   0x080036da   0x00000002   PAD
    0x080036dc   0x080036dc   0x0000007c   Code   RO          493    i.HAL_UART_MspInit  usart.o
    0x08003758   0x08003758   0x0000002a   Code   RO         4302    i.HAL_UART_Receive_IT  stm32f4xx_hal_uart.o
    0x08003782   0x08003782   0x00000002   PAD
    0x08003784   0x08003784   0x00000030   Code   RO         6307    i.HAL_UART_RxCpltCallback  uart_drv.o
    0x080037b4   0x080037b4   0x000000b0   Code   RO         4305    i.HAL_UART_Transmit  stm32f4xx_hal_uart.o
    0x08003864   0x08003864   0x00000002   Code   RO         4308    i.HAL_UART_TxCpltCallback  stm32f4xx_hal_uart.o
    0x08003866   0x08003866   0x00000002   Code   RO          538    i.HardFault_Handler  stm32f4xx_it.o
    0x08003868   0x08003868   0x0000002e   Code   RO         2564    i.I2C_IsAcknowledgeFailed  stm32f4xx_hal_i2c.o
    0x08003896   0x08003896   0x00000002   PAD
    0x08003898   0x08003898   0x000000fc   Code   RO         2574    i.I2C_RequestMemoryRead  stm32f4xx_hal_i2c.o
    0x08003994   0x08003994   0x000000a8   Code   RO         2575    i.I2C_RequestMemoryWrite  stm32f4xx_hal_i2c.o
    0x08003a3c   0x08003a3c   0x0000004c   Code   RO         2579    i.I2C_WaitOnBTFFlagUntilTimeout  stm32f4xx_hal_i2c.o
    0x08003a88   0x08003a88   0x00000068   Code   RO         2580    i.I2C_WaitOnFlagUntilTimeout  stm32f4xx_hal_i2c.o
    0x08003af0   0x08003af0   0x00000098   Code   RO         2581    i.I2C_WaitOnMasterAddressFlagUntilTimeout  stm32f4xx_hal_i2c.o
    0x08003b88   0x08003b88   0x0000006a   Code   RO         2582    i.I2C_WaitOnRXNEFlagUntilTimeout  stm32f4xx_hal_i2c.o
    0x08003bf2   0x08003bf2   0x0000004c   Code   RO         2583    i.I2C_WaitOnTXEFlagUntilTimeout  stm32f4xx_hal_i2c.o
    0x08003c3e   0x08003c3e   0x00000036   Code   RO         6420    i.IntToUnicode      usbd_desc.o
    0x08003c74   0x08003c74   0x0000005a   Code   RO         4961    i.MPU_Set_Rate      mpu6050.o
    0x08003cce   0x08003cce   0x00000002   PAD
    0x08003cd0   0x08003cd0   0x00000048   Code   RO         4962    i.MPU_Write_Byte    mpu6050.o
    0x08003d18   0x08003d18   0x00000060   Code   RO         7151    i.MSC_BOT_Abort     usbd_msc_bot.o
    0x08003d78   0x08003d78   0x000000e8   Code   RO         7152    i.MSC_BOT_CBW_Decode  usbd_msc_bot.o
    0x08003e60   0x08003e60   0x00000050   Code   RO         7153    i.MSC_BOT_CplClrFeature  usbd_msc_bot.o
    0x08003eb0   0x08003eb0   0x00000048   Code   RO         7154    i.MSC_BOT_DataIn    usbd_msc_bot.o
    0x08003ef8   0x08003ef8   0x00000048   Code   RO         7155    i.MSC_BOT_DataOut   usbd_msc_bot.o
    0x08003f40   0x08003f40   0x00000016   Code   RO         7156    i.MSC_BOT_DeInit    usbd_msc_bot.o
    0x08003f56   0x08003f56   0x00000002   PAD
    0x08003f58   0x08003f58   0x0000006c   Code   RO         7157    i.MSC_BOT_Init      usbd_msc_bot.o
    0x08003fc4   0x08003fc4   0x00000050   Code   RO         7158    i.MSC_BOT_Reset     usbd_msc_bot.o
    0x08004014   0x08004014   0x0000005c   Code   RO         7159    i.MSC_BOT_SendCSW   usbd_msc_bot.o
    0x08004070   0x08004070   0x0000002c   Code   RO          300    i.MX_DMA_Init       dma.o
    0x0800409c   0x0800409c   0x000000f8   Code   RO          276    i.MX_GPIO_Init      gpio.o
    0x08004194   0x08004194   0x00000040   Code   RO          326    i.MX_I2C1_Init      i2c.o
    0x080041d4   0x080041d4   0x00000044   Code   RO          368    i.MX_SPI2_Init      spi.o
    0x08004218   0x08004218   0x00000044   Code   RO          369    i.MX_SPI3_Init      spi.o
    0x0800425c   0x0800425c   0x00000038   Code   RO          419    i.MX_TIM11_Init     tim.o
    0x08004294   0x08004294   0x000000c8   Code   RO          420    i.MX_TIM1_Init      tim.o
    0x0800435c   0x0800435c   0x0000006c   Code   RO          421    i.MX_TIM2_Init      tim.o
    0x080043c8   0x080043c8   0x00000050   Code   RO          422    i.MX_TIM9_Init      tim.o
    0x08004418   0x08004418   0x00000038   Code   RO          494    i.MX_USART1_UART_Init  usart.o
    0x08004450   0x08004450   0x00000054   Code   RO         6366    i.MX_USB_DEVICE_Init  usb_device.o
    0x080044a4   0x080044a4   0x00000002   Code   RO          539    i.MemManage_Handler  stm32f4xx_it.o
    0x080044a6   0x080044a6   0x00000002   Code   RO          540    i.NMI_Handler       stm32f4xx_it.o
    0x080044a8   0x080044a8   0x0000000c   Code   RO          541    i.OTG_FS_IRQHandler  stm32f4xx_it.o
    0x080044b4   0x080044b4   0x000000cc   Code   RO          751    i.PCD_EP_OutXfrComplete_int  stm32f4xx_hal_pcd.o
    0x08004580   0x08004580   0x00000098   Code   RO          752    i.PCD_WriteEmptyTxFifo  stm32f4xx_hal_pcd.o
    0x08004618   0x08004618   0x00000002   Code   RO          542    i.PendSV_Handler    stm32f4xx_it.o
    0x0800461a   0x0800461a   0x00000030   Code   RO         7249    i.SCSI_CheckAddressRange  usbd_msc_scsi.o
    0x0800464a   0x0800464a   0x00000002   PAD
    0x0800464c   0x0800464c   0x00000080   Code   RO         7250    i.SCSI_Inquiry      usbd_msc_scsi.o
    0x080046cc   0x080046cc   0x00000178   Code   RO         7251    i.SCSI_ProcessCmd   usbd_msc_scsi.o
    0x08004844   0x08004844   0x0000009c   Code   RO         7252    i.SCSI_ProcessRead  usbd_msc_scsi.o
    0x080048e0   0x080048e0   0x000000a8   Code   RO         7253    i.SCSI_ProcessWrite  usbd_msc_scsi.o
    0x08004988   0x08004988   0x000000a4   Code   RO         7254    i.SCSI_Read10       usbd_msc_scsi.o
    0x08004a2c   0x08004a2c   0x000000aa   Code   RO         7255    i.SCSI_Read12       usbd_msc_scsi.o
    0x08004ad6   0x08004ad6   0x0000007c   Code   RO         7256    i.SCSI_ReadCapacity10  usbd_msc_scsi.o
    0x08004b52   0x08004b52   0x000000ac   Code   RO         7257    i.SCSI_ReadCapacity16  usbd_msc_scsi.o
    0x08004bfe   0x08004bfe   0x00000088   Code   RO         7258    i.SCSI_ReadFormatCapacity  usbd_msc_scsi.o
    0x08004c86   0x08004c86   0x00000086   Code   RO         7259    i.SCSI_RequestSense  usbd_msc_scsi.o
    0x08004d0c   0x08004d0c   0x0000005e   Code   RO         7260    i.SCSI_SenseCode    usbd_msc_scsi.o
    0x08004d6a   0x08004d6a   0x00000060   Code   RO         7261    i.SCSI_TestUnitReady  usbd_msc_scsi.o
    0x08004dca   0x08004dca   0x00000020   Code   RO         7262    i.SCSI_UpdateBotData  usbd_msc_scsi.o
    0x08004dea   0x08004dea   0x00000002   PAD
    0x08004dec   0x08004dec   0x000000d4   Code   RO         7263    i.SCSI_Write10      usbd_msc_scsi.o
    0x08004ec0   0x08004ec0   0x000000e4   Code   RO         7264    i.SCSI_Write12      usbd_msc_scsi.o
    0x08004fa4   0x08004fa4   0x0000005c   Code   RO         3021    i.SPI_EndRxTransaction  stm32f4xx_hal_spi.o
    0x08005000   0x08005000   0x00000058   Code   RO         3022    i.SPI_EndRxTxTransaction  stm32f4xx_hal_spi.o
    0x08005058   0x08005058   0x00000060   Code   RO         5137    i.SPI_ExchangeByte  nrf24l01p.o
    0x080050b8   0x080050b8   0x0000003c   Code   RO         5021    i.SPI_Receive       w25q64.o
    0x080050f4   0x080050f4   0x0000003c   Code   RO         5022    i.SPI_Transmit      w25q64.o
    0x08005130   0x08005130   0x000000b8   Code   RO         3027    i.SPI_WaitFlagStateUntilTimeout  stm32f4xx_hal_spi.o
    0x080051e8   0x080051e8   0x0000000e   Code   RO         6506    i.STORAGE_GetCapacity_FS  usbd_storage_if.o
    0x080051f6   0x080051f6   0x00000004   Code   RO         6507    i.STORAGE_GetMaxLun_FS  usbd_storage_if.o
    0x080051fa   0x080051fa   0x00000004   Code   RO         6508    i.STORAGE_Init_FS   usbd_storage_if.o
    0x080051fe   0x080051fe   0x00000004   Code   RO         6509    i.STORAGE_IsReady_FS  usbd_storage_if.o
    0x08005202   0x08005202   0x00000004   Code   RO         6510    i.STORAGE_IsWriteProtected_FS  usbd_storage_if.o
    0x08005206   0x08005206   0x00000012   Code   RO         6511    i.STORAGE_Read_FS   usbd_storage_if.o
    0x08005218   0x08005218   0x0000001e   Code   RO         6512    i.STORAGE_Write_FS  usbd_storage_if.o
    0x08005236   0x08005236   0x00000002   Code   RO          543    i.SVC_Handler       stm32f4xx_it.o
    0x08005238   0x08005238   0x0000000a   Code   RO         6933    i.SWAPBYTE          usbd_ctlreq.o
    0x08005242   0x08005242   0x00000002   Code   RO          544    i.SysTick_Handler   stm32f4xx_it.o
    0x08005244   0x08005244   0x00000090   Code   RO           15    i.SystemClock_Config  main.o
    0x080052d4   0x080052d4   0x00000010   Code   RO         4626    i.SystemInit        system_stm32f4xx.o
    0x080052e4   0x080052e4   0x0000001c   Code   RO          545    i.TIM1_BRK_TIM9_IRQHandler  stm32f4xx_it.o
    0x08005300   0x08005300   0x0000001c   Code   RO          546    i.TIM1_TRG_COM_TIM11_IRQHandler  stm32f4xx_it.o
    0x0800531c   0x0800531c   0x0000001c   Code   RO          547    i.TIM1_UP_TIM10_IRQHandler  stm32f4xx_it.o
    0x08005338   0x08005338   0x00000098   Code   RO         3390    i.TIM_Base_SetConfig  stm32f4xx_hal_tim.o
    0x080053d0   0x080053d0   0x0000001a   Code   RO         3391    i.TIM_CCxChannelCmd  stm32f4xx_hal_tim.o
    0x080053ea   0x080053ea   0x00000014   Code   RO         3401    i.TIM_ETR_SetConfig  stm32f4xx_hal_tim.o
    0x080053fe   0x080053fe   0x00000010   Code   RO         3402    i.TIM_ITRx_SetConfig  stm32f4xx_hal_tim.o
    0x0800540e   0x0800540e   0x00000002   PAD
    0x08005410   0x08005410   0x00000058   Code   RO         3403    i.TIM_OC1_SetConfig  stm32f4xx_hal_tim.o
    0x08005468   0x08005468   0x0000005c   Code   RO         3404    i.TIM_OC2_SetConfig  stm32f4xx_hal_tim.o
    0x080054c4   0x080054c4   0x00000058   Code   RO         3405    i.TIM_OC3_SetConfig  stm32f4xx_hal_tim.o
    0x0800551c   0x0800551c   0x00000044   Code   RO         3406    i.TIM_OC4_SetConfig  stm32f4xx_hal_tim.o
    0x08005560   0x08005560   0x00000022   Code   RO         3408    i.TIM_TI1_ConfigInputStage  stm32f4xx_hal_tim.o
    0x08005582   0x08005582   0x00000024   Code   RO         3410    i.TIM_TI2_ConfigInputStage  stm32f4xx_hal_tim.o
    0x080055a6   0x080055a6   0x00000010   Code   RO         4310    i.UART_DMAAbortOnError  stm32f4xx_hal_uart.o
    0x080055b6   0x080055b6   0x0000004e   Code   RO         4320    i.UART_EndRxTransfer  stm32f4xx_hal_uart.o
    0x08005604   0x08005604   0x000000c0   Code   RO         4322    i.UART_Receive_IT   stm32f4xx_hal_uart.o
    0x080056c4   0x080056c4   0x0000010c   Code   RO         4323    i.UART_SetConfig    stm32f4xx_hal_uart.o
    0x080057d0   0x080057d0   0x0000003a   Code   RO         4325    i.UART_Start_Receive_IT  stm32f4xx_hal_uart.o
    0x0800580a   0x0800580a   0x00000076   Code   RO         4326    i.UART_WaitOnFlagUntilTimeout  stm32f4xx_hal_uart.o
    0x08005880   0x08005880   0x0000000c   Code   RO          548    i.USART1_IRQHandler  stm32f4xx_it.o
    0x0800588c   0x0800588c   0x0000000c   Code   RO          549    i.USART2_IRQHandler  stm32f4xx_it.o
    0x08005898   0x08005898   0x00000014   Code   RO         6774    i.USBD_ClrClassConfig  usbd_core.o
    0x080058ac   0x080058ac   0x00000004   Code   RO         6775    i.USBD_CoreFindEP   usbd_core.o
    0x080058b0   0x080058b0   0x00000004   Code   RO         6776    i.USBD_CoreFindIF   usbd_core.o
    0x080058b4   0x080058b4   0x00000010   Code   RO         7006    i.USBD_CtlContinueRx  usbd_ioreq.o
    0x080058c4   0x080058c4   0x00000010   Code   RO         7007    i.USBD_CtlContinueSendData  usbd_ioreq.o
    0x080058d4   0x080058d4   0x00000016   Code   RO         6934    i.USBD_CtlError     usbd_ctlreq.o
    0x080058ea   0x080058ea   0x00000016   Code   RO         7009    i.USBD_CtlReceiveStatus  usbd_ioreq.o
    0x08005900   0x08005900   0x0000001a   Code   RO         7010    i.USBD_CtlSendData  usbd_ioreq.o
    0x0800591a   0x0800591a   0x00000016   Code   RO         7011    i.USBD_CtlSendStatus  usbd_ioreq.o
    0x08005930   0x08005930   0x00000020   Code   RO         6421    i.USBD_FS_ConfigStrDescriptor  usbd_desc.o
    0x08005950   0x08005950   0x0000000c   Code   RO         6422    i.USBD_FS_DeviceDescriptor  usbd_desc.o
    0x0800595c   0x0800595c   0x00000024   Code   RO         6423    i.USBD_FS_InterfaceStrDescriptor  usbd_desc.o
    0x08005980   0x08005980   0x0000000c   Code   RO         6424    i.USBD_FS_LangIDStrDescriptor  usbd_desc.o
    0x0800598c   0x0800598c   0x00000028   Code   RO         6425    i.USBD_FS_ManufacturerStrDescriptor  usbd_desc.o
    0x080059b4   0x080059b4   0x00000028   Code   RO         6426    i.USBD_FS_ProductStrDescriptor  usbd_desc.o
    0x080059dc   0x080059dc   0x00000038   Code   RO         6427    i.USBD_FS_SerialStrDescriptor  usbd_desc.o
    0x08005a14   0x08005a14   0x000000e6   Code   RO         6935    i.USBD_GetDescriptor  usbd_ctlreq.o
    0x08005afa   0x08005afa   0x0000003a   Code   RO         6778    i.USBD_GetEpDesc    usbd_core.o
    0x08005b34   0x08005b34   0x0000000e   Code   RO         6779    i.USBD_GetNextDesc  usbd_core.o
    0x08005b42   0x08005b42   0x00000048   Code   RO         6936    i.USBD_GetString    usbd_ctlreq.o
    0x08005b8a   0x08005b8a   0x00000018   Code   RO         6580    i.USBD_Get_USB_Status  usbd_conf.o
    0x08005ba2   0x08005ba2   0x00000026   Code   RO         6780    i.USBD_Init         usbd_core.o
    0x08005bc8   0x08005bc8   0x00000012   Code   RO         6581    i.USBD_LL_ClearStallEP  usbd_conf.o
    0x08005bda   0x08005bda   0x00000012   Code   RO         6582    i.USBD_LL_CloseEP   usbd_conf.o
    0x08005bec   0x08005bec   0x000000b2   Code   RO         6781    i.USBD_LL_DataInStage  usbd_core.o
    0x08005c9e   0x08005c9e   0x00000096   Code   RO         6782    i.USBD_LL_DataOutStage  usbd_core.o
    0x08005d34   0x08005d34   0x00000004   Code   RO         6783    i.USBD_LL_DevConnected  usbd_core.o
    0x08005d38   0x08005d38   0x0000001e   Code   RO         6784    i.USBD_LL_DevDisconnected  usbd_core.o
    0x08005d56   0x08005d56   0x00000012   Code   RO         6585    i.USBD_LL_FlushEP   usbd_conf.o
    0x08005d68   0x08005d68   0x00000008   Code   RO         6586    i.USBD_LL_GetRxDataSize  usbd_conf.o
    0x08005d70   0x08005d70   0x00000060   Code   RO         6587    i.USBD_LL_Init      usbd_conf.o
    0x08005dd0   0x08005dd0   0x00000020   Code   RO         6588    i.USBD_LL_IsStallEP  usbd_conf.o
    0x08005df0   0x08005df0   0x00000028   Code   RO         6785    i.USBD_LL_IsoINIncomplete  usbd_core.o
    0x08005e18   0x08005e18   0x00000028   Code   RO         6786    i.USBD_LL_IsoOUTIncomplete  usbd_core.o
    0x08005e40   0x08005e40   0x00000018   Code   RO         6589    i.USBD_LL_OpenEP    usbd_conf.o
    0x08005e58   0x08005e58   0x00000012   Code   RO         6590    i.USBD_LL_PrepareReceive  usbd_conf.o
    0x08005e6a   0x08005e6a   0x0000005c   Code   RO         6787    i.USBD_LL_Reset     usbd_core.o
    0x08005ec6   0x08005ec6   0x00000014   Code   RO         6788    i.USBD_LL_Resume    usbd_core.o
    0x08005eda   0x08005eda   0x0000001a   Code   RO         6789    i.USBD_LL_SOF       usbd_core.o
    0x08005ef4   0x08005ef4   0x00000006   Code   RO         6790    i.USBD_LL_SetSpeed  usbd_core.o
    0x08005efa   0x08005efa   0x00000012   Code   RO         6591    i.USBD_LL_SetUSBAddress  usbd_conf.o
    0x08005f0c   0x08005f0c   0x00000060   Code   RO         6791    i.USBD_LL_SetupStage  usbd_core.o
    0x08005f6c   0x08005f6c   0x00000012   Code   RO         6592    i.USBD_LL_StallEP   usbd_conf.o
    0x08005f7e   0x08005f7e   0x00000012   Code   RO         6593    i.USBD_LL_Start     usbd_conf.o
    0x08005f90   0x08005f90   0x00000012   Code   RO         6792    i.USBD_LL_Suspend   usbd_core.o
    0x08005fa2   0x08005fa2   0x00000012   Code   RO         6595    i.USBD_LL_Transmit  usbd_conf.o
    0x08005fb4   0x08005fb4   0x0000000a   Code   RO         7066    i.USBD_MSC_DataIn   usbd_msc.o
    0x08005fbe   0x08005fbe   0x0000000a   Code   RO         7067    i.USBD_MSC_DataOut  usbd_msc.o
    0x08005fc8   0x08005fc8   0x00000074   Code   RO         7068    i.USBD_MSC_DeInit   usbd_msc.o
    0x0800603c   0x0800603c   0x0000000c   Code   RO         7069    i.USBD_MSC_GetDeviceQualifierDescriptor  usbd_msc.o
    0x08006048   0x08006048   0x0000002c   Code   RO         7070    i.USBD_MSC_GetFSCfgDesc  usbd_msc.o
    0x08006074   0x08006074   0x00000030   Code   RO         7071    i.USBD_MSC_GetHSCfgDesc  usbd_msc.o
    0x080060a4   0x080060a4   0x0000002c   Code   RO         7072    i.USBD_MSC_GetOtherSpeedCfgDesc  usbd_msc.o
    0x080060d0   0x080060d0   0x000000ac   Code   RO         7073    i.USBD_MSC_Init     usbd_msc.o
    0x0800617c   0x0800617c   0x00000016   Code   RO         7074    i.USBD_MSC_RegisterStorage  usbd_msc.o
    0x08006192   0x08006192   0x000000dc   Code   RO         7075    i.USBD_MSC_Setup    usbd_msc.o
    0x0800626e   0x0800626e   0x00000030   Code   RO         6937    i.USBD_ParseSetupRequest  usbd_ctlreq.o
    0x0800629e   0x0800629e   0x0000003a   Code   RO         6793    i.USBD_RegisterClass  usbd_core.o
    0x080062d8   0x080062d8   0x00000014   Code   RO         6795    i.USBD_SetClassConfig  usbd_core.o
    0x080062ec   0x080062ec   0x000000b8   Code   RO         6938    i.USBD_SetConfig    usbd_ctlreq.o
    0x080063a4   0x080063a4   0x00000004   Code   RO         6796    i.USBD_Start        usbd_core.o
    0x080063a8   0x080063a8   0x0000012c   Code   RO         6939    i.USBD_StdDevReq    usbd_ctlreq.o
    0x080064d4   0x080064d4   0x00000160   Code   RO         6940    i.USBD_StdEPReq     usbd_ctlreq.o
    0x08006634   0x08006634   0x00000072   Code   RO         6941    i.USBD_StdItfReq    usbd_ctlreq.o
    0x080066a6   0x080066a6   0x00000002   Code   RO         6596    i.USBD_static_free  usbd_conf.o
    0x080066a8   0x080066a8   0x00000008   Code   RO         6597    i.USBD_static_malloc  usbd_conf.o
    0x080066b0   0x080066b0   0x00000080   Code   RO          997    i.USB_ActivateEndpoint  stm32f4xx_ll_usb.o
    0x08006730   0x08006730   0x0000001c   Code   RO          999    i.USB_ActivateSetup  stm32f4xx_ll_usb.o
    0x0800674c   0x0800674c   0x00000074   Code   RO         1001    i.USB_CoreInit      stm32f4xx_ll_usb.o
    0x080067c0   0x080067c0   0x00000040   Code   RO         1002    i.USB_CoreReset     stm32f4xx_ll_usb.o
    0x08006800   0x08006800   0x000000d0   Code   RO         1005    i.USB_DeactivateEndpoint  stm32f4xx_ll_usb.o
    0x080068d0   0x080068d0   0x0000001c   Code   RO         1006    i.USB_DevConnect    stm32f4xx_ll_usb.o
    0x080068ec   0x080068ec   0x0000001c   Code   RO         1007    i.USB_DevDisconnect  stm32f4xx_ll_usb.o
    0x08006908   0x08006908   0x00000174   Code   RO         1008    i.USB_DevInit       stm32f4xx_ll_usb.o
    0x08006a7c   0x08006a7c   0x0000000c   Code   RO         1009    i.USB_DisableGlobalInt  stm32f4xx_ll_usb.o
    0x08006a88   0x08006a88   0x0000011c   Code   RO         1012    i.USB_EP0StartXfer  stm32f4xx_ll_usb.o
    0x08006ba4   0x08006ba4   0x00000058   Code   RO         1013    i.USB_EP0_OutStart  stm32f4xx_ll_usb.o
    0x08006bfc   0x08006bfc   0x00000058   Code   RO         1014    i.USB_EPClearStall  stm32f4xx_ll_usb.o
    0x08006c54   0x08006c54   0x00000058   Code   RO         1015    i.USB_EPSetStall    stm32f4xx_ll_usb.o
    0x08006cac   0x08006cac   0x000001e4   Code   RO         1016    i.USB_EPStartXfer   stm32f4xx_ll_usb.o
    0x08006e90   0x08006e90   0x0000009c   Code   RO         1017    i.USB_EPStopXfer    stm32f4xx_ll_usb.o
    0x08006f2c   0x08006f2c   0x0000000c   Code   RO         1018    i.USB_EnableGlobalInt  stm32f4xx_ll_usb.o
    0x08006f38   0x08006f38   0x0000003c   Code   RO         1019    i.USB_FlushRxFifo   stm32f4xx_ll_usb.o
    0x08006f74   0x08006f74   0x00000040   Code   RO         1020    i.USB_FlushTxFifo   stm32f4xx_ll_usb.o
    0x08006fb4   0x08006fb4   0x0000001a   Code   RO         1022    i.USB_GetDevSpeed   stm32f4xx_ll_usb.o
    0x08006fce   0x08006fce   0x00000008   Code   RO         1024    i.USB_GetMode       stm32f4xx_ll_usb.o
    0x08006fd6   0x08006fd6   0x0000000e   Code   RO         1031    i.USB_ReadDevAllInEpInterrupt  stm32f4xx_ll_usb.o
    0x08006fe4   0x08006fe4   0x0000000e   Code   RO         1032    i.USB_ReadDevAllOutEpInterrupt  stm32f4xx_ll_usb.o
    0x08006ff2   0x08006ff2   0x00000024   Code   RO         1033    i.USB_ReadDevInEPInterrupt  stm32f4xx_ll_usb.o
    0x08007016   0x08007016   0x00000010   Code   RO         1034    i.USB_ReadDevOutEPInterrupt  stm32f4xx_ll_usb.o
    0x08007026   0x08007026   0x00000008   Code   RO         1035    i.USB_ReadInterrupts  stm32f4xx_ll_usb.o
    0x0800702e   0x0800702e   0x0000003e   Code   RO         1036    i.USB_ReadPacket    stm32f4xx_ll_usb.o
    0x0800706c   0x0800706c   0x0000005c   Code   RO         1038    i.USB_SetCurrentMode  stm32f4xx_ll_usb.o
    0x080070c8   0x080070c8   0x00000022   Code   RO         1039    i.USB_SetDevAddress  stm32f4xx_ll_usb.o
    0x080070ea   0x080070ea   0x00000002   PAD
    0x080070ec   0x080070ec   0x000000e8   Code   RO         1041    i.USB_SetTurnaroundTime  stm32f4xx_ll_usb.o
    0x080071d4   0x080071d4   0x00000026   Code   RO         1044    i.USB_WritePacket   stm32f4xx_ll_usb.o
    0x080071fa   0x080071fa   0x00000002   Code   RO          550    i.UsageFault_Handler  stm32f4xx_it.o
    0x080071fc   0x080071fc   0x00000024   Code   RO         7604    i.__0vsnprintf      mc_w.l(printfa.o)
    0x08007220   0x08007220   0x00000020   Code   RO         2136    i.__NVIC_SetPriority  stm32f4xx_hal_cortex.o
    0x08007240   0x08007240   0x0000000e   Code   RO         7675    i.__scatterload_copy  mc_w.l(handlers.o)
    0x0800724e   0x0800724e   0x00000002   Code   RO         7676    i.__scatterload_null  mc_w.l(handlers.o)
    0x08007250   0x08007250   0x0000000e   Code   RO         7677    i.__scatterload_zeroinit  mc_w.l(handlers.o)
    0x0800725e   0x0800725e   0x00000002   PAD
    0x08007260   0x08007260   0x00000164   Code   RO         7606    i._fp_digits        mc_w.l(printfa.o)
    0x080073c4   0x080073c4   0x000006dc   Code   RO         7607    i._printf_core      mc_w.l(printfa.o)
    0x08007aa0   0x08007aa0   0x00000024   Code   RO         7608    i._printf_post_padding  mc_w.l(printfa.o)
    0x08007ac4   0x08007ac4   0x0000002e   Code   RO         7609    i._printf_pre_padding  mc_w.l(printfa.o)
    0x08007af2   0x08007af2   0x00000016   Code   RO         7610    i._snputc           mc_w.l(printfa.o)
    0x08007b08   0x08007b08   0x00000010   Code   RO         4663    i.bsp_encoder_clear_cnt  encoder.o
    0x08007b18   0x08007b18   0x00000044   Code   RO         4664    i.bsp_encoder_get   encoder.o
    0x08007b5c   0x08007b5c   0x0000000c   Code   RO         4665    i.bsp_encoder_init  encoder.o
    0x08007b68   0x08007b68   0x00000098   Code   RO         5457    i.bsp_extio_init    extio.o
    0x08007c00   0x08007c00   0x0000000c   Code   RO         4963    i.bsp_i2c_switch_to_mpu6050  mpu6050.o
    0x08007c0c   0x08007c0c   0x00000078   Code   RO         5138    i.bsp_l01_checkDevice  nrf24l01p.o
    0x08007c84   0x08007c84   0x00000038   Code   RO         5139    i.bsp_l01_clearIRQ  nrf24l01p.o
    0x08007cbc   0x08007cbc   0x00000028   Code   RO         5140    i.bsp_l01_flushRX   nrf24l01p.o
    0x08007ce4   0x08007ce4   0x00000028   Code   RO         5141    i.bsp_l01_flushTX   nrf24l01p.o
    0x08007d0c   0x08007d0c   0x00000090   Code   RO         5142    i.bsp_l01_init      nrf24l01p.o
    0x08007d9c   0x08007d9c   0x00000030   Code   RO         5145    i.bsp_l01_readSingleReg  nrf24l01p.o
    0x08007dcc   0x08007dcc   0x00000028   Code   RO         5146    i.bsp_l01_readStatusReg  nrf24l01p.o
    0x08007df4   0x08007df4   0x00000020   Code   RO         5148    i.bsp_l01_setCE     nrf24l01p.o
    0x08007e14   0x08007e14   0x00000036   Code   RO         5149    i.bsp_l01_setDataRate  nrf24l01p.o
    0x08007e4a   0x08007e4a   0x00000016   Code   RO         5151    i.bsp_l01_setPowerDown  nrf24l01p.o
    0x08007e60   0x08007e60   0x00000016   Code   RO         5152    i.bsp_l01_setPowerUp  nrf24l01p.o
    0x08007e76   0x08007e76   0x00000014   Code   RO         5153    i.bsp_l01_setRXAddr  nrf24l01p.o
    0x08007e8a   0x08007e8a   0x00000028   Code   RO         5154    i.bsp_l01_setTRMode  nrf24l01p.o
    0x08007eb2   0x08007eb2   0x00000010   Code   RO         5155    i.bsp_l01_setTXAddr  nrf24l01p.o
    0x08007ec2   0x08007ec2   0x00000030   Code   RO         5157    i.bsp_l01_switchToTx  nrf24l01p.o
    0x08007ef2   0x08007ef2   0x0000000e   Code   RO         5159    i.bsp_l01_writeHoppingPoint  nrf24l01p.o
    0x08007f00   0x08007f00   0x00000044   Code   RO         5160    i.bsp_l01_writeMultiReg  nrf24l01p.o
    0x08007f44   0x08007f44   0x00000034   Code   RO         5161    i.bsp_l01_writeSingleReg  nrf24l01p.o
    0x08007f78   0x08007f78   0x00000128   Code   RO         4965    i.bsp_mpu6050_init  mpu6050.o
    0x080080a0   0x080080a0   0x00000030   Code   RO         5024    i.bsp_spi_switch_to_w25q  w25q64.o
    0x080080d0   0x080080d0   0x0000000c   Code   RO         4888    i.bsp_tim11_5ms_isr_init  timer.o
    0x080080dc   0x080080dc   0x00000020   Code   RO         4933    i.bsp_typec_usb_func_switch  usb_switch.o
    0x080080fc   0x080080fc   0x00000074   Code   RO         5025    i.bsp_w25q_erase    w25q64.o
    0x08008170   0x08008170   0x00000058   Code   RO         5027    i.bsp_w25q_get_status  w25q64.o
    0x080081c8   0x080081c8   0x00000018   Code   RO         5028    i.bsp_w25q_init     w25q64.o
    0x080081e0   0x080081e0   0x0000006c   Code   RO         5029    i.bsp_w25q_read     w25q64.o
    0x0800824c   0x0800824c   0x00000040   Code   RO         5031    i.bsp_w25q_reset    w25q64.o
    0x0800828c   0x0800828c   0x00000040   Code   RO         5033    i.bsp_w25q_wakeup   w25q64.o
    0x080082cc   0x080082cc   0x000000c0   Code   RO         5034    i.bsp_w25q_write    w25q64.o
    0x0800838c   0x0800838c   0x00000060   Code   RO         5035    i.bsp_w25q_writeEnable  w25q64.o
    0x080083ec   0x080083ec   0x000000d0   Code   RO           16    i.main              main.o
    0x080084bc   0x080084bc   0x00000012   Code   RO         5738    i.mutex_getDeviceAcc  mutex.o
    0x080084ce   0x080084ce   0x0000001a   Code   RO         5739    i.mutex_tryLock     mutex.o
    0x080084e8   0x080084e8   0x0000001a   Code   RO         5740    i.mutex_tryUnlock   mutex.o
    0x08008502   0x08008502   0x0000007a   Code   RO         6125    i.shellAnsi         shell.o
    0x0800857c   0x0800857c   0x00000010   Code   RO         6126    i.shellAnsiStart    shell.o
    0x0800858c   0x0800858c   0x000000a4   Code   RO         6127    i.shellBackspace    shell.o
    0x08008630   0x08008630   0x00000024   Code   RO         6128    i.shellClear        shell.o
    0x08008654   0x08008654   0x0000002a   Code   RO         6129    i.shellClearLine    shell.o
    0x0800867e   0x0800867e   0x00000002   PAD
    0x08008680   0x08008680   0x0000001c   Code   RO         6130    i.shellDelete       shell.o
    0x0800869c   0x0800869c   0x00000028   Code   RO         6131    i.shellDisplay      shell.o
    0x080086c4   0x080086c4   0x0000000e   Code   RO         6132    i.shellDisplayByte  shell.o
    0x080086d2   0x080086d2   0x00000002   PAD
    0x080086d4   0x080086d4   0x00000058   Code   RO         6133    i.shellDisplayItem  shell.o
    0x0800872c   0x0800872c   0x000000ac   Code   RO         6134    i.shellDisplayValue  shell.o
    0x080087d8   0x080087d8   0x000001c0   Code   RO         6135    i.shellEnter        shell.o
    0x08008998   0x08008998   0x0000003c   Code   RO         6276    i.shellExtParseChar  shell_ext.o
    0x080089d4   0x080089d4   0x0000010c   Code   RO         6277    i.shellExtParseNumber  shell_ext.o
    0x08008ae0   0x08008ae0   0x00000072   Code   RO         6278    i.shellExtParsePara  shell_ext.o
    0x08008b52   0x08008b52   0x0000015e   Code   RO         6279    i.shellExtRun       shell_ext.o
    0x08008cb0   0x08008cb0   0x00000028   Code   RO         6136    i.shellGetCurrent   shell.o
    0x08008cd8   0x08008cd8   0x000000a4   Code   RO         6137    i.shellHandler      shell.o
    0x08008d7c   0x08008d7c   0x000000cc   Code   RO         6138    i.shellHelp         shell.o
    0x08008e48   0x08008e48   0x0000009c   Code   RO         6139    i.shellHistory      shell.o
    0x08008ee4   0x08008ee4   0x00000084   Code   RO         6140    i.shellInit         shell.o
    0x08008f68   0x08008f68   0x000000b8   Code   RO         6141    i.shellNormal       shell.o
    0x08009020   0x08009020   0x00000026   Code   RO         6142    i.shellPrint        shell.o
    0x08009046   0x08009046   0x00000024   Code   RO         6144    i.shellStringCompare  shell.o
    0x0800906a   0x0800906a   0x00000018   Code   RO         6145    i.shellStringCopy   shell.o
    0x08009082   0x08009082   0x00000002   PAD
    0x08009084   0x08009084   0x00000150   Code   RO         6146    i.shellTab          shell.o
    0x080091d4   0x080091d4   0x00000030   Code   RO         6309    i.shell_init        uart_drv.o
    0x08009204   0x08009204   0x00000018   Code   RO         6310    i.uart_send_string  uart_drv.o
    0x0800921c   0x0800921c   0x00000008   Data   RO         1829    .constdata          stm32f4xx_hal_dma.o
    0x08009224   0x08009224   0x00000010   Data   RO         4627    .constdata          system_stm32f4xx.o
    0x08009234   0x08009234   0x00000008   Data   RO         4628    .constdata          system_stm32f4xx.o
    0x0800923c   0x0800923c   0x00000030   Data   RO         6148    .constdata          shell.o
    0x0800926c   0x0800926c   0x00000005   Data   RO         6149    .constdata          shell.o
    0x08009271   0x08009271   0x0000000d   Data   RO         6150    .constdata          shell.o
    0x0800927e   0x0800927e   0x0000002b   Data   RO         6151    .constdata          shell.o
    0x080092a9   0x080092a9   0x00000004   Data   RO         6152    .constdata          shell.o
    0x080092ad   0x080092ad   0x00000013   Data   RO         6153    .constdata          shell.o
    0x080092c0   0x080092c0   0x00000024   Data   RO         6513    .constdata          usbd_storage_if.o
    0x080092e4   0x080092e4   0x00000215   Data   RO         6154    .conststring        shell.o
    0x080094f9   0x080094f9   0x00000003   PAD
    0x080094fc   0x080094fc   0x00000020   Data   RO         7673    Region$$Table       anon$$obj.o
    0x0800951c   0x0800951c   0x00000010   Data   RO         6156    shellCommand        shell.o
    0x0800952c   0x0800952c   0x00000010   Data   RO         6157    shellCommand        shell.o


    Execution Region RW_IRAM1 (Exec base: 0x20000000, Load base: 0x0800953c, Size: 0x000062d0, Max: 0x00020000, ABSOLUTE, COMPRESSED[0x000000d4])

    Exec Addr    Load Addr    Size         Type   Attr      Idx    E Section Name        Object

    0x20000000   COMPRESSED   0x0000000c   Data   RW         2280    .data               stm32f4xx_hal.o
    0x2000000c   COMPRESSED   0x00000004   Data   RW         4629    .data               system_stm32f4xx.o
    0x20000010   COMPRESSED   0x00000001   Data   RW         4890    .data               timer.o
    0x20000011   COMPRESSED   0x00000006   Data   RW         5164    .data               nrf24l01p.o
    0x20000017   COMPRESSED   0x00000003   Data   RW         5741    .data               mutex.o
    0x2000001a   COMPRESSED   0x00000003   Data   RW         5742    .data               mutex.o
    0x2000001d   COMPRESSED   0x00000003   PAD
    0x20000020   COMPRESSED   0x00000024   Data   RW         6155    .data               shell.o
    0x20000044   COMPRESSED   0x00000001   Data   RW         6312    .data               uart_drv.o
    0x20000045   COMPRESSED   0x00000003   PAD
    0x20000048   COMPRESSED   0x0000001c   Data   RW         6429    .data               usbd_desc.o
    0x20000064   COMPRESSED   0x00000032   Data   RW         6430    .data               usbd_desc.o
    0x20000096   COMPRESSED   0x00000002   PAD
    0x20000098   COMPRESSED   0x00000020   Data   RW         6514    .data               usbd_storage_if.o
    0x200000b8   COMPRESSED   0x00000001   Data   RW         6942    .data               usbd_ctlreq.o
    0x200000b9   COMPRESSED   0x00000003   PAD
    0x200000bc   COMPRESSED   0x00000038   Data   RW         7076    .data               usbd_msc.o
    0x200000f4   COMPRESSED   0x0000002e   Data   RW         7077    .data               usbd_msc.o
    0x20000122   COMPRESSED   0x00000006   Data   RW         7222    .data               usbd_msc_data.o
    0x20000128   COMPRESSED   0x00000008   Data   RW         7223    .data               usbd_msc_data.o
    0x20000130   COMPRESSED   0x00000017   Data   RW         7224    .data               usbd_msc_data.o
    0x20000147   COMPRESSED   0x0000001b   Data   RW         7225    .data               usbd_msc_data.o
    0x20000162   COMPRESSED   0x00000002   PAD
    0x20000164        -       0x00000054   Zero   RW          327    .bss                i2c.o
    0x200001b8        -       0x00000110   Zero   RW          370    .bss                spi.o
    0x200002c8        -       0x00000120   Zero   RW          423    .bss                tim.o
    0x200003e8        -       0x00000044   Zero   RW          495    .bss                usart.o
    0x2000042c        -       0x00000044   Zero   RW          496    .bss                usart.o
    0x20000470        -       0x00000048   Zero   RW          680    .bss                stm32f4xx_hal_timebase_tim.o
    0x200004b8        -       0x0000000c   Zero   RW         4666    .bss                encoder.o
    0x200004c4        -       0x0000001c   Zero   RW         4966    .bss                mpu6050.o
    0x200004e0        -       0x00000014   Zero   RW         6147    .bss                shell.o
    0x200004f4        -       0x00000178   Zero   RW         6311    .bss                uart_drv.o
    0x2000066c        -       0x000002dc   Zero   RW         6367    .bss                usb_device.o
    0x20000948        -       0x00000200   Zero   RW         6428    .bss                usbd_desc.o
    0x20000b48        -       0x00001584   Zero   RW         6598    .bss                usbd_conf.o
    0x200020cc   COMPRESSED   0x00000004   PAD
    0x200020d0        -       0x00004200   Zero   RW            1    STACK               startup_stm32f411xe.o


==============================================================================

Image component sizes


      Code (inc. data)   RO Data    RW Data    ZI Data      Debug   Object Name

        44          4          0          0          0        798   dma.o
        96         20          0          0         12       2395   encoder.o
       152         18          0          0          0       1053   extio.o
         0          0          0          0          0        600   ff.o
       248         16          0          0          0       1039   gpio.o
       172         28          0          0         84       1689   i2c.o
       368         76          0          0          0     454362   main.o
       470         28          0          0         28       5940   mpu6050.o
        70          0          0          6          0       2777   mutex.o
       972         76          0          6          0      12961   nrf24l01p.o
      2484        178        697         36         20      19471   shell.o
       792         10          0          0          0       4270   shell_ext.o
       448         60          0          0        272       3123   spi.o
        36          8        408          0      16896        848   startup_stm32f411xe.o
       116         18          0         12          0       8626   stm32f4xx_hal.o
       158         14          0          0          0      32886   stm32f4xx_hal_cortex.o
      1032         16          8          0          0       5928   stm32f4xx_hal_dma.o
       674         60          0          0          0       2826   stm32f4xx_hal_gpio.o
      2180         52          0          0          0      11278   stm32f4xx_hal_i2c.o
        48          6          0          0          0        882   stm32f4xx_hal_msp.o
      2664         14          0          0          0      12875   stm32f4xx_hal_pcd.o
        78          0          0          0          0       2289   stm32f4xx_hal_pcd_ex.o
      1400         88          0          0          0       6205   stm32f4xx_hal_rcc.o
      1774         12          0          0          0       7591   stm32f4xx_hal_spi.o
      2010         70          0          0          0      16921   stm32f4xx_hal_tim.o
       212         20          0          0          0       3225   stm32f4xx_hal_tim_ex.o
       140         22          0          0         72       1424   stm32f4xx_hal_timebase_tim.o
      1668         16          0          0          0      10424   stm32f4xx_hal_uart.o
       150         54          0          0          0       7830   stm32f4xx_it.o
      2888        136          0          0          0      22111   stm32f4xx_ll_usb.o
        16          4         24          4          0       1163   system_stm32f4xx.o
       788         72          0          0        288       5127   tim.o
        76         20          0          1          0       1682   timer.o
       120         38          0          1        376       3736   uart_drv.o
       180         22          0          0        136       1757   usart.o
        84         18          0          0        732       5599   usb_device.o
        32          6          0          0          0        828   usb_switch.o
       656         24          0          0       5508      16690   usbd_conf.o
       920          0          0          0          0      14651   usbd_core.o
      1332         28          0          1          0      13716   usbd_ctlreq.o
       282        100          0         78        512       6001   usbd_desc.o
       102          0          0          0          0       3640   usbd_ioreq.o
       698         26          0        102          0       9485   usbd_msc.o
       854         62          0          0          0       7222   usbd_msc_bot.o
         0          0          0         64          0        957   usbd_msc_data.o
      2438         36          0          0          0      15044   usbd_msc_scsi.o
        78          0         36         32          0       4483   usbd_storage_if.o
       920        104          0          0          0       7318   w25q64.o

    ----------------------------------------------------------------------
     33162       1680       1208        356      24940     783746   Object Totals
         0          0         32          0          0          0   (incl. Generated)
        42          0          3         13          4          0   (incl. Padding)

    ----------------------------------------------------------------------

      Code (inc. data)   RO Data    RW Data    ZI Data      Debug   Library Member Name

        86          0          0          0          0          0   __dczerorl2.o
         0          0          0          0          0          0   entry.o
         0          0          0          0          0          0   entry10a.o
         0          0          0          0          0          0   entry11a.o
         8          4          0          0          0          0   entry2.o
         4          0          0          0          0          0   entry5.o
         0          0          0          0          0          0   entry7b.o
         0          0          0          0          0          0   entry8b.o
         8          4          0          0          0          0   entry9a.o
        30          0          0          0          0          0   handlers.o
        36          8          0          0          0         68   init.o
         0          0          0          0          0          0   iusefp.o
        30          0          0          0          0         68   llshl.o
        36          0          0          0          0         68   llsshr.o
        32          0          0          0          0         68   llushr.o
        36          0          0          0          0         68   memcpya.o
        36          0          0          0          0        108   memseta.o
      2252         84          0          0          0        508   printfa.o
        28          0          0          0          0         76   strcmp.o
        44          0          0          0          0         80   uidiv.o
        98          0          0          0          0         92   uldiv.o
        48          0          0          0          0         68   cdrcmple.o
       334          0          0          0          0        148   dadd.o
       222          0          0          0          0        100   ddiv.o
       186          0          0          0          0        176   depilogue.o
        48          0          0          0          0         68   dfixul.o
       228          0          0          0          0         96   dmul.o

    ----------------------------------------------------------------------
      3834        100          0          0          0       1860   Library Totals
         4          0          0          0          0          0   (incl. Padding)

    ----------------------------------------------------------------------

      Code (inc. data)   RO Data    RW Data    ZI Data      Debug   Library Name

      2764        100          0          0          0       1204   mc_w.l
      1066          0          0          0          0        656   mf_w.l

    ----------------------------------------------------------------------
      3834        100          0          0          0       1860   Library Totals

    ----------------------------------------------------------------------

==============================================================================


      Code (inc. data)   RO Data    RW Data    ZI Data      Debug   

     36996       1780       1208        356      24940     750102   Grand Totals
     36996       1780       1208        212      24940     750102   ELF Image Totals (compressed)
     36996       1780       1208        212          0          0   ROM Totals

==============================================================================

    Total RO  Size (Code + RO Data)                38204 (  37.31kB)
    Total RW  Size (RW Data + ZI Data)             25296 (  24.70kB)
    Total ROM Size (Code + RO Data + RW Data)      38416 (  37.52kB)

==============================================================================

